******************************************************************************
                  TI ARM Linker PC v20.2.5                     
******************************************************************************
>> Linked Sun Mar 13 10:52:15 2022

OUTPUT FILE NAME:   <LiPo_Charectarization.out>
ENTRY POINT SYMBOL: "_c_int00"  address: 0000460d


MEMORY CONFIGURATION

         name            origin    length      used     unused   attr    fill
----------------------  --------  ---------  --------  --------  ----  --------
  MAIN                  00000000   00040000  00007108  00038ef8  R  X
  INFO                  00200000   00004000  00000000  00004000  R  X
  SRAM_CODE             01000000   00010000  000090f1  00006f0f  RW X
  SRAM_DATA             20000000   00010000  000090f1  00006f0f  RW  


SEGMENT ALLOCATION MAP

run origin  load origin   length   init length attrs members
----------  ----------- ---------- ----------- ----- -------
00000000    00000000    00007110   00007110    r-x
  00000000    00000000    0000003c   0000003c    r-- .resetVecs
  00000040    00000040    0000673a   0000673a    r-x .text
  0000677c    0000677c    00000722   00000722    r-- .const
  00006ea0    00006ea0    00000270   00000270    r-- .cinit
20000140    20000140    00008000   00000000    r--
  20000140    20000140    00008000   00000000    r-- .priheap
20008140    20008140    00000bb8   00000000    rw-
  20008140    20008140    00000669   00000000    rw- .data
  200087b0    200087b0    00000548   00000000    rw- .bss
2000fc00    2000fc00    00000400   00000000    rw-
  2000fc00    2000fc00    00000400   00000000    rw- .stack


SECTION ALLOCATION MAP

 output                                  attributes/
section   page    origin      length       input sections
--------  ----  ----------  ----------   ----------------
.text      0    00000040    0000673a     
                  00000040    000002f8     drivers_msp432p401x.aem4f : PowerMSP432.oem4f (.text:Power_sleep)
                  00000338    000002d0                               : UARTMSP432.oem4f (.text:UARTMSP432_open)
                  00000608    000002a0     rtsv7M4_T_le_v4SPD16_eabi.lib : mktime.c.obj (.text:__mktime32)
                  000008a8    0000028a     msp432p4xx_driverlib.lib : pcm.o (.text:__PCM_setPowerStateAdvanced)
                  00000b32    00000002     ti_drivers_config.obj (.text:Board_initHook)
                  00000b34    00000288     drivers_msp432p401x.aem4f : PowerMSP432.oem4f (.text:initPerfControl)
                  00000dbc    000001f8     uart_thread.obj (.text:bc_w_thr)
                  00000fb4    00000004     msp432p4xx_driverlib.lib : cpu.o (.text:CPU_wfi)
                  00000fb8    000001b0     sysbios.aem4f : BIOS.obj (.text:mq_open)
                  00001168    00000170     drivers_msp432p401x.aem4f : GPIOMSP432.oem4f (.text:GPIO_setConfig)
                  000012d8    0000015c     msp432p4xx_driverlib.lib : pcm.o (.text:__PCM_setPowerModeAdvanced)
                  00001434    00000004     dpl_msp432p401x.aem4f : ClockP_tirtos.oem4f (.text:ClockP_setTimeout)
                  00001438    00000130     sysbios.aem4f : BIOS.obj (.text:ti_sysbios_knl_Semaphore_pend__E)
                  00001568    0000011c     msp432p4xx_driverlib.lib : uart.o (.text:UART_initModule)
                  00001684    00000108                              : pcm.o (.text:__PCM_setCoreVoltageLevelAdvanced)
                  0000178c    00000004     dpl_msp432p401x.aem4f : ClockP_tirtos.oem4f (.text:ClockP_start)
                  00001790    00000108     sysbios.aem4f : BIOS.obj (.text:ti_sysbios_knl_Task_postInit__I)
                  00001898    00000108                   : BIOS.obj (.text:xdc_runtime_Startup_startMods__I)
                  000019a0    00000104                   : BIOS.obj (.text:ti_sysbios_knl_Task_Instance_finalize__E)
                  00001aa4    000000fc     main_tirtos.obj (.text:main)
                  00001ba0    000000f8     sysbios.aem4f : BIOS.obj (.text:ti_sysbios_family_arm_msp432_init_Boot_configureClocksHigh)
                  00001c98    000000f0                   : BIOS.obj (.text:pthread_create)
                  00001d88    000000f0                   : m3_Hwi_asm.obj (.text:ti_sysbios_family_arm_m3_Hwi_dispatch__I)
                  00001e78    000000e4     msp432p4xx_driverlib.lib : cs.o (.text:CS_startHFXTWithTimeout)
                  00001f5c    000000e0                              : cs.o (.text:CS_startLFXTWithTimeout)
                  0000203c    00000004     dpl_msp432p401x.aem4f : ClockP_tirtos.oem4f (.text:ClockP_stop)
                  00002040    000000e0     sysbios.aem4f : BIOS.obj (.text:clock_gettime)
                  00002120    000000e0                   : BIOS.obj (.text:ti_sysbios_knl_Task_Instance_init__E)
                  00002200    000000dc     drivers_msp432p401x.aem4f : UARTMSP432.oem4f (.text:UARTMSP432_readPolling)
                  000022dc    000000dc     msp432p4xx_driverlib.lib : cs.o (.text:_CSGetHFXTFrequency)
                  000023b8    000000d8     sysbios.aem4f : BIOS.obj (.text:ti_sysbios_knl_Mailbox_Instance_init__E)
                  00002490    000000d0                   : BIOS.obj (.text:ti_sysbios_heaps_HeapMem_alloc__E)
                  00002560    000000ca     drivers_msp432p401x.aem4f : UARTMSP432.oem4f (.text:UARTMSP432_hwiIntFxn)
                  0000262a    00000004     dpl_msp432p401x.aem4f : HwiP_tirtos.oem4f (.text:HwiP_disable)
                  0000262e    00000002                           : PowerMSP432_tirtos.oem4f (.text:PowerMSP432_initPolicy)
                  00002630    000000c4     sysbios.aem4f : BIOS.obj (.text:ti_sysbios_knl_Task_sleep__E)
                  000026f4    000000b8     drivers_msp432p401x.aem4f : UARTMSP432.oem4f (.text:initHw)
                  000027ac    000000b8                               : UARTMSP432.oem4f (.text:readTaskCallback)
                  00002864    00000004     dpl_msp432p401x.aem4f : SemaphoreP_tirtos.oem4f (.text:SemaphoreP_post)
                  00002868    000000b8     sysbios.aem4f : BIOS.obj (.text:ti_sysbios_family_arm_m3_Hwi_Instance_init__E)
                  00002920    000000b4     drivers_msp432p401x.aem4f : UARTMSP432.oem4f (.text:UARTMSP432_control)
                  000029d4    000000b4                               : UARTMSP432.oem4f (.text:UARTMSP432_writePolling)
                  00002a88    000000ac                               : GPIOMSP432.oem4f (.text:GPIO_init)
                  00002b34    00000004     release_pem4f.oem4f (.text:ti_sysbios_BIOS_RtsGateProxy_enter__E)
                  00002b38    000000aa     sysbios.aem4f : BIOS.obj (.text:xdc_runtime_Core_createObject__I)
                  00002be2    000000a8     drivers_msp432p401x.aem4f : UARTMSP432.oem4f (.text:UARTMSP432_write)
                  00002c8a    000000a8                               : UARTMSP432.oem4f (.text:readTaskBlocking)
                  00002d32    00000004     release_pem4f.oem4f (.text:ti_sysbios_BIOS_RtsGateProxy_leave__E)
                  00002d36    00000002     drivers_msp432p401x.aem4f : UARTMSP432.oem4f (.text:UARTMSP432_init)
                  00002d38    000000a8     sysbios.aem4f : BIOS.obj (.text:ti_sysbios_family_arm_msp432_Timer_periodicStub__E)
                  00002de0    000000a4                   : BIOS.obj (.text:ti_sysbios_knl_Task_setPri__E)
                  00002e84    000000a0     auto_init.aem4f : auto_init.oem4f (.text)
                  00002f24    000000a0     drivers_msp432p401x.aem4f : UARTMSP432.oem4f (.text:readIsrTextCallback)
                  00002fc4    0000009c                               : PowerMSP432.oem4f (.text:Power_init)
                  00003060    0000009c     rtsv7M4_T_le_v4SPD16_eabi.lib : memcpy_t2.asm.obj (.text)
                  000030fc    00000096                                   : ull_div_t2.asm.obj (.text)
                  00003192    00000004     release_pem4f.oem4f (.text:ti_sysbios_family_arm_m3_Hwi_delete)
                  00003196    00000002     rtsv7M4_T_le_v4SPD16_eabi.lib : _lock.c.obj (.text:_nop)
                  00003198    00000094     sysbios.aem4f : BIOS.obj (.text:_pthread_removeThreadKeys)
                  0000322c    00000004     release_pem4f.oem4f (.text:ti_sysbios_family_arm_m3_TaskSupport_Module__startupDone__S)
                  00003230    00000094     sysbios.aem4f : BIOS.obj (.text:ti_sysbios_family_arm_m3_Hwi_initNVIC__E)
                  000032c4    00000004     release_pem4f.oem4f (.text:ti_sysbios_heaps_HeapMem_Module_GateProxy_enter__E)
                  000032c8    00000094     sysbios.aem4f : BIOS.obj (.text:ti_sysbios_knl_Task_exit__E)
                  0000335c    00000092     drivers_msp432p401x.aem4f : UARTMSP432.oem4f (.text:UARTMSP432_close)
                  000033ee    00000092                               : UARTMSP432.oem4f (.text:writeData)
                  00003480    00000090     sysbios.aem4f : BIOS.obj (.text:ti_sysbios_knl_Task_Module_startup__E)
                  00003510    0000008c     drivers_msp432p401x.aem4f : UARTMSP432.oem4f (.text:readIsrTextBlocking)
                  0000359c    0000008c     sysbios.aem4f : m3_TaskSupport_asm.obj (.text:ti_sysbios_family_arm_m3_TaskSupport_buildTaskStack)
                  00003628    0000008c                   : BIOS.obj (.text:xdc_runtime_Memory_alloc__E)
                  000036b4    00000004     release_pem4f.oem4f (.text:ti_sysbios_heaps_HeapMem_Module_GateProxy_leave__E)
                  000036b8    00000088     sysbios.aem4f : BIOS.obj (.text:ti_sysbios_knl_Mailbox_post__E)
                  00003740    00000086                   : BIOS.obj (.text:xdc_runtime_Core_constructObject__I)
                  000037c6    00000002     rtsv7M4_T_le_v4SPD16_eabi.lib : div0.asm.obj (.text)
                  000037c8    00000084     msp432p4xx_driverlib.lib : pcm.o (.text:PCM_gotoLPM3)
                  0000384c    00000084     drivers_msp432p401x.aem4f : PowerMSP432.oem4f (.text:restartHFXT)
                  000038d0    00000084     sysbios.aem4f : BIOS.obj (.text:ti_sysbios_family_arm_m3_Hwi_postInit__I)
                  00003954    00000004     release_pem4f.oem4f (.text:ti_sysbios_knl_Clock_TimerProxy_getMaxTicks__E)
                  00003958    00000084     sysbios.aem4f : BIOS.obj (.text:ti_sysbios_heaps_HeapMem_free__E)
                  000039dc    00000004     release_pem4f.oem4f (.text:ti_sysbios_knl_Clock_delete)
                  000039e0    00000080     sysbios.aem4f : BIOS.obj (.text:ti_sysbios_knl_Clock_workFunc__E)
                  00003a60    0000007c                   : BIOS.obj (.text:_pthread_abstime2ticks)
                  00003adc    00000004     release_pem4f.oem4f (.text:ti_sysbios_knl_Semaphore_delete)
                  00003ae0    0000007c     sysbios.aem4f : BIOS.obj (.text:nanosleep)
                  00003b5c    0000007a     rtsv7M4_T_le_v4SPD16_eabi.lib : memset_t2.asm.obj (.text)
                  00003bd6    00000002     release_pem4f.oem4f (.text:ti_sysbios_BIOS_nullFunc__I)
                  00003bd8    00000074     uart_thread.obj (.text:bc_r_thr)
                  00003c4c    00000074     executive.obj (.text:exec_thr)
                  00003cc0    00000074     sysbios.aem4f : BIOS.obj (.text:ti_sysbios_knl_Mailbox_pend__E)
                  00003d34    00000070     drivers_msp432p401x.aem4f : UARTMSP432.oem4f (.text:UARTMSP432_writeCancel)
                  00003da4    00000004     release_pem4f.oem4f (.text:ti_sysbios_knl_Task_delete)
                  00003da8    00000070     sysbios.aem4f : BIOS.obj (.text:ti_sysbios_heaps_HeapMem_initPrimary__I)
                  00003e18    00000070                   : BIOS.obj (.text:ti_sysbios_knl_Mailbox_Instance_finalize__E)
                  00003e88    0000006e     rtsv7M4_T_le_v4SPD16_eabi.lib : ll_div_t2.asm.obj (.text)
                  00003ef6    00000002     --HOLE-- [fill = 0]
                  00003ef8    0000006c     uart_thread.obj (.text:interpret_dir)
                  00003f64    00000004     release_pem4f.oem4f (.text:xdc_runtime_System_Module_GateProxy_enter__E)
                  00003f68    0000006c     sysbios.aem4f : BIOS.obj (.text:ti_sysbios_family_arm_msp432_Seconds_get__E)
                  00003fd4    00000004     release_pem4f.oem4f (.text:xdc_runtime_System_Module_GateProxy_leave__E)
                  00003fd8    0000006c     sysbios.aem4f : BIOS.obj (.text:ti_sysbios_knl_Swi_restoreHwi__E)
                  00004044    00000068     drivers_msp432p401x.aem4f : GPIOMSP432.oem4f (.text:GPIO_hwiIntFxn)
                  000040ac    00000068                               : PowerMSP432.oem4f (.text:PowerMSP432_getFreqs)
                  00004114    00000068     rtsv7M4_T_le_v4SPD16_eabi.lib : copy_decompress_lzss.c.obj (.text:decompress:lzss:__TI_decompress_lzss)
                  0000417c    00000004     --HOLE-- [fill = 0]
                  00004180    00000066     sysbios.aem4f : BIOS.obj (.text:xdc_runtime_Core_deleteObject__I)
                  000041e6    00000002     --HOLE-- [fill = 0]
                  000041e8    00000064                   : BIOS.obj (.text:pthread_exit)
                  0000424c    00000004     --HOLE-- [fill = 0]
                  00004250    00000064                   : BIOS.obj (.text:ti_sysbios_family_arm_m3_Hwi_dispatchC__I)
                  000042b4    00000060     drivers_msp432p401x.aem4f : GPIOMSP432.oem4f (.text:GPIO_setCallback)
                  00004314    00000004     --HOLE-- [fill = 0]
                  00004318    00000060     sysbios.aem4f : BIOS.obj (.text:ti_sysbios_knl_Semaphore_post__E)
                  00004378    00000060                   : BIOS.obj (.text:ti_sysbios_knl_Swi_run__I)
                  000043d8    0000005e     msp432p4xx_driverlib.lib : pcm.o (.text:PCM_getCoreVoltageLevel)
                  00004436    00000002     --HOLE-- [fill = 0]
                  00004438    0000005c     sysbios.aem4f : BIOS.obj (.text:ti_sysbios_knl_Swi_schedule__I)
                  00004494    00000004     --HOLE-- [fill = 0]
                  00004498    0000005c                   : BIOS.obj (.text:ti_sysbios_knl_Task_startCore__E)
                  000044f4    00000004     --HOLE-- [fill = 0]
                  000044f8    0000005c                   : BIOS.obj (.text:xdc_runtime_Startup_exec__E)
                  00004554    0000005a     msp432p4xx_driverlib.lib : pcm.o (.text:PCM_getPowerMode)
                  000045ae    00000002     --HOLE-- [fill = 0]
                  000045b0    0000005a     sysbios.aem4f : BIOS.obj (.text:mq_timedsend)
                  0000460a    00000002     --HOLE-- [fill = 0]
                  0000460c    00000058     boot.aem4f : boot.oem4f (.text)
                  00004664    00000058     drivers_msp432p401x.aem4f : UARTMSP432.oem4f (.text:readIsrBinaryBlocking)
                  000046bc    00000058     sysbios.aem4f : m3_Hwi_asm_switch.obj (.text:ti_sysbios_family_arm_m3_Hwi_initStacks__E)
                  00004714    00000054     msp432p4xx_driverlib.lib : pcm.o (.text:PCM_shutdownDevice)
                  00004768    00000054     release_pem4f.oem4f (.text:ti_sysbios_family_arm_m3_Hwi_create)
                  000047bc    00000004     --HOLE-- [fill = 0]
                  000047c0    00000054     sysbios.aem4f : BIOS.obj (.text:ti_sysbios_family_arm_msp432_Timer_initDevice__I)
                  00004814    00000054     release_pem4f.oem4f (.text:ti_sysbios_knl_Mailbox_create)
                  00004868    00000050     dpl_msp432p401x.aem4f : ClockP_tirtos.oem4f (.text:ClockP_create)
                  000048b8    00000050     uart_thread.obj (.text:config_bc_uart)
                  00004908    00000050     uart_thread.obj (.text:config_ow_uart)
                  00004958    00000050     sysbios.aem4f : BIOS.obj (.text:ti_sysbios_family_arm_m3_Hwi_Module_startup__E)
                  000049a8    00000050     release_pem4f.oem4f (.text:ti_sysbios_knl_Task_create)
                  000049f8    0000004c     dpl_msp432p401x.aem4f : PowerMSP432_tirtos.oem4f (.text:PowerMSP432_sleepPolicy)
                  00004a44    0000004c     rtsv7M4_T_le_v4SPD16_eabi.lib : cpy_tbl.c.obj (.text:copy_in)
                  00004a90    0000004c     uart_thread.obj (.text:parse_for_dir)
                  00004adc    0000004c     drivers_msp432p401x.aem4f : UARTMSP432.oem4f (.text:readIsrBinaryCallback)
                  00004b28    0000004c     sysbios.aem4f : BIOS.obj (.text:ti_sysbios_family_arm_msp432_Timer_postInit__I)
                  00004b74    00000004     --HOLE-- [fill = 0]
                  00004b78    0000004c                   : BIOS.obj (.text:ti_sysbios_family_arm_msp432_Timer_start__E)
                  00004bc4    00000004     --HOLE-- [fill = 0]
                  00004bc8    0000004c                   : BIOS.obj (.text:ti_sysbios_heaps_HeapMem_getStats__E)
                  00004c14    00000004     --HOLE-- [fill = 0]
                  00004c18    0000004c                   : BIOS.obj (.text:ti_sysbios_knl_Swi_runLoop__I)
                  00004c64    00000004     --HOLE-- [fill = 0]
                  00004c68    0000004c                   : BIOS.obj (.text:ti_sysbios_knl_Task_allBlockedFunction__I)
                  00004cb4    00000004     --HOLE-- [fill = 0]
                  00004cb8    0000004c                   : BIOS.obj (.text:ti_sysbios_knl_Task_schedule__I)
                  00004d04    00000048     drivers_msp432p401x.aem4f : PowerMSP432.oem4f (.text:Power_releaseConstraint)
                  00004d4c    00000004     --HOLE-- [fill = 0]
                  00004d50    00000048     sysbios.aem4f : BIOS.obj (.text:ti_sysbios_family_arm_m3_Hwi_disableInterrupt__E)
                  00004d98    00000048                   : BIOS.obj (.text:ti_sysbios_family_arm_m3_Hwi_enableInterrupt__E)
                  00004de0    00000048                   : BIOS.obj (.text:ti_sysbios_knl_Mailbox_Module_startup__E)
                  00004e28    00000048                   : BIOS.obj (.text:xdc_runtime_Core_assignParams__I)
                  00004e70    00000046     drivers_msp432p401x.aem4f : RingBuf.oem4f (.text:RingBuf_put)
                  00004eb6    00000002     --HOLE-- [fill = 0]
                  00004eb8    00000044                               : UART.oem4f (.text:UART_init)
                  00004efc    00000004     --HOLE-- [fill = 0]
                  00004f00    00000044     sysbios.aem4f : BIOS.obj (.text:ti_sysbios_family_arm_m3_Hwi_getStackInfo__E)
                  00004f44    00000004     --HOLE-- [fill = 0]
                  00004f48    00000044                   : BIOS.obj (.text:ti_sysbios_knl_Swi_post__E)
                  00004f8c    00000040     dpl_msp432p401x.aem4f : HwiP_tirtos.oem4f (.text:HwiP_create)
                  00004fcc    00000040     drivers_msp432p401x.aem4f : RingBuf.oem4f (.text:RingBuf_get)
                  0000500c    00000040                               : UARTMSP432.oem4f (.text:UARTMSP432_read)
                  0000504c    00000040                               : UART.oem4f (.text:UART_open)
                  0000508c    00000004     --HOLE-- [fill = 0]
                  00005090    00000040     sysbios.aem4f : BIOS.obj (.text:mq_receive)
                  000050d0    00000040     drivers_msp432p401x.aem4f : UARTMSP432.oem4f (.text:perfChangeNotifyFxn)
                  00005110    00000040     sysbios.aem4f : BIOS.obj (.text:ti_sysbios_family_arm_msp432_Timer_Module_startup__E)
                  00005150    00000040                   : BIOS.obj (.text:ti_sysbios_family_arm_msp432_Timer_startup__E)
                  00005190    00000040                   : BIOS.obj (.text:ti_sysbios_heaps_HeapMem_Instance_init__E)
                  000051d0    00000040                   : BIOS.obj (.text:ti_sysbios_knl_Clock_Instance_init__E)
                  00005210    0000003c     dpl_msp432p401x.aem4f : SemaphoreP_tirtos.oem4f (.text:SemaphoreP_create)
                  0000524c    00000004     --HOLE-- [fill = 0]
                  00005250    0000003c     sysbios.aem4f : BIOS.obj (.text:ti_sysbios_family_arm_m3_Hwi_Instance_finalize__E)
                  0000528c    00000004     --HOLE-- [fill = 0]
                  00005290    0000003c                   : BIOS.obj (.text:ti_sysbios_family_arm_msp432_Seconds_Module_startup__E)
                  000052cc    0000003c     release_pem4f.oem4f (.text:ti_sysbios_knl_Clock_create)
                  00005308    0000003c     sysbios.aem4f : BIOS.obj (.text:ti_sysbios_knl_Swi_restore__E)
                  00005344    00000038     drivers_msp432p401x.aem4f : PowerMSP432.oem4f (.text:Power_setConstraint)
                  0000537c    00000038                               : PowerMSP432.oem4f (.text:notify)
                  000053b4    00000004     --HOLE-- [fill = 0]
                  000053b8    00000038     sysbios.aem4f : BIOS.obj (.text:xdc_runtime_System_atexit__E)
                  000053f0    00000036     drivers_msp432p401x.aem4f : UARTMSP432.oem4f (.text:UARTMSP432_readCancel)
                  00005426    00000002     --HOLE-- [fill = 0]
                  00005428    00000034     release_pem4f.oem4f (.text:ti_sysbios_knl_Semaphore_create)
                  0000545c    00000004     --HOLE-- [fill = 0]
                  00005460    00000032     sysbios.aem4f : BIOS.obj (.text:ti_sysbios_hal_Hwi_initStack)
                  00005492    00000006     --HOLE-- [fill = 0]
                  00005498    00000030                   : BIOS.obj (.text:findInList$42)
                  000054c8    00000030     drivers_msp432p401x.aem4f : UARTMSP432.oem4f (.text:mapPin)
                  000054f8    00000030     release_pem4f.oem4f (.text:ti_sysbios_BIOS_atExitFunc__I)
                  00005528    00000030     release_pem4f.oem4f (.text:ti_sysbios_BIOS_startFunc__I)
                  00005558    00000030     sysbios.aem4f : BIOS.obj (.text:ti_sysbios_family_arm_m3_TaskSupport_start__E)
                  00005588    00000030     release_pem4f.oem4f (.text:ti_sysbios_gates_GateHwi_Object__create__S)
                  000055b8    00000030     release_pem4f.oem4f (.text:ti_sysbios_gates_GateMutex_Object__create__S)
                  000055e8    00000030     sysbios.aem4f : BIOS.obj (.text:ti_sysbios_gates_GateMutex_enter__E)
                  00005618    00000030     release_pem4f.oem4f (.text:ti_sysbios_heaps_HeapMem_Object__create__S)
                  00005648    00000030     sysbios.aem4f : BIOS.obj (.text:ti_sysbios_knl_Mailbox_postInit__I)
                  00005678    00000030     release_pem4f.oem4f (.text:ti_sysbios_knl_Semaphore_construct)
                  000056a8    00000030     sysbios.aem4f : BIOS.obj (.text:ti_sysbios_knl_Semaphore_pendTimeout__I)
                  000056d8    00000030                   : BIOS.obj (.text:ti_sysbios_knl_Task_processVitalTaskFlag__I)
                  00005708    00000030                   : BIOS.obj (.text:ti_sysbios_knl_Task_restore__E)
                  00005738    00000030                   : BIOS.obj (.text:ti_sysbios_knl_Task_unblockI__E)
                  00005768    00000030                   : BIOS.obj (.text:xdc_runtime_System_processAtExit__E)
                  00005798    0000002e                   : BIOS.obj (.text:pthread_setcancelstate)
                  000057c6    0000002c     dpl_msp432p401x.aem4f : PowerMSP432_tirtos.oem4f (.text:PowerMSP432_updateFreqs)
                  000057f2    00000002     --HOLE-- [fill = 0]
                  000057f4    0000002c     msp432p4xx_driverlib.lib : rtc_c.o (.text:RTC_C_holdClock)
                  00005820    0000002c     dpl_msp432p401x.aem4f : SemaphoreP_tirtos.oem4f (.text:SemaphoreP_createBinary)
                  0000584c    00000004     --HOLE-- [fill = 0]
                  00005850    0000002c     sysbios.aem4f : BIOS.obj (.text:_pthread_cleanupFxn)
                  0000587c    00000004     --HOLE-- [fill = 0]
                  00005880    0000002c                   : BIOS.obj (.text:_pthread_delete$43)
                  000058ac    00000004     --HOLE-- [fill = 0]
                  000058b0    0000002c                   : BIOS.obj (.text:clockFxn$41)
                  000058dc    0000002c     release_pem4f.oem4f (.text:ti_sysbios_gates_GateHwi_Handle__label__S)
                  00005908    0000002c     release_pem4f.oem4f (.text:ti_sysbios_gates_GateMutex_Handle__label__S)
                  00005934    0000002c     release_pem4f.oem4f (.text:ti_sysbios_heaps_HeapMem_Handle__label__S)
                  00005960    0000002c     release_pem4f.oem4f (.text:ti_sysbios_knl_Clock_doTick__I)
                  0000598c    0000002c     release_pem4f.oem4f (.text:ti_sysbios_knl_Queue_construct)
                  000059b8    00000028     msp432p4xx_driverlib.lib : pcm.o (.text:PCM_gotoLPM0)
                  000059e0    00000028     drivers_msp432p401x.aem4f : PowerMSP432.oem4f (.text:Power_registerNotify)
                  00005a08    00000028                               : PowerMSP432.oem4f (.text:disableFaultCounter)
                  00005a30    00000028                               : PowerMSP432.oem4f (.text:disableHFXT)
                  00005a58    00000028                               : UARTMSP432.oem4f (.text:findBaudDividerIndex)
                  00005a80    00000028     sysbios.aem4f : m3_Hwi_asm.obj (.text:ti_sysbios_family_arm_m3_Hwi_excHandlerAsm__I)
                  00005aa8    00000028                   : BIOS.obj (.text:ti_sysbios_knl_Clock_addI__E)
                  00005ad0    00000028                   : BIOS.obj (.text:ti_sysbios_knl_Swi_Module_startup__E)
                  00005af8    00000026     drivers_msp432p401x.aem4f : List.oem4f (.text:List_put)
                  00005b1e    00000026                               : List.oem4f (.text:List_remove)
                  00005b44    00000026     sysbios.aem4f : m3_Hwi_asm.obj (.text:ti_sysbios_family_arm_m3_Hwi_pendSV__I)
                  00005b6a    00000002     --HOLE-- [fill = 0]
                  00005b6c    00000024     msp432p4xx_driverlib.lib : wdt_a.o (.text:WDT_A_holdTimer)
                  00005b90    00000024     sysbios.aem4f : BIOS.obj (.text:pthread_attr_init)
                  00005bb4    00000024     release_pem4f.oem4f (.text:ti_sysbios_BIOS_registerRTSLock__I)
                  00005bd8    00000024     release_pem4f.oem4f (.text:ti_sysbios_BIOS_removeRTSLock__I)
                  00005bfc    00000004     --HOLE-- [fill = 0]
                  00005c00    00000024     sysbios.aem4f : BIOS.obj (.text:ti_sysbios_family_arm_msp432_ClockFreqs_setFrequency__E)
                  00005c24    00000024     release_pem4f.oem4f (.text:ti_sysbios_gates_GateMutex_Object__delete__S)
                  00005c48    00000024     sysbios.aem4f : BIOS.obj (.text:ti_sysbios_knl_Clock_Module_startup__E)
                  00005c6c    00000024     release_pem4f.oem4f (.text:ti_sysbios_knl_Clock_Object__delete__S)
                  00005c90    00000024     sysbios.aem4f : BIOS.obj (.text:ti_sysbios_knl_Clock_start__E)
                  00005cb4    00000004     --HOLE-- [fill = 0]
                  00005cb8    00000024                   : BIOS.obj (.text:ti_sysbios_knl_Semaphore_Instance_init__E)
                  00005cdc    00000024     release_pem4f.oem4f (.text:ti_sysbios_knl_Semaphore_Object__delete__S)
                  00005d00    00000024     sysbios.aem4f : BIOS.obj (.text:ti_sysbios_knl_Task_restoreHwi__E)
                  00005d24    00000004     --HOLE-- [fill = 0]
                  00005d28    00000024                   : BIOS.obj (.text:xdc_runtime_Error_policyMin__E)
                  00005d4c    00000020     msp432p4xx_driverlib.lib : cs.o (.text:CS_setExternalClockSourceFrequency)
                  00005d6c    00000020     drivers_msp432p401x.aem4f : PowerMSP432.oem4f (.text:Power_unregisterNotify)
                  00005d8c    00000020                               : RingBuf.oem4f (.text:RingBuf_peek)
                  00005dac    00000004     --HOLE-- [fill = 0]
                  00005db0    00000020     sysbios.aem4f : BIOS.obj (.text:mq_getattr)
                  00005dd0    00000020     release_pem4f.oem4f (.text:ti_sysbios_BIOS_rtsLock__I)
                  00005df0    00000020     release_pem4f.oem4f (.text:ti_sysbios_family_arm_m3_Hwi_Object__delete__S)
                  00005e10    00000020     release_pem4f.oem4f (.text:ti_sysbios_gates_GateHwi_Object__delete__S)
                  00005e30    00000020     release_pem4f.oem4f (.text:ti_sysbios_heaps_HeapMem_Object__delete__S)
                  00005e50    00000020     sysbios.aem4f : BIOS.obj (.text:ti_sysbios_knl_Idle_run__E)
                  00005e70    00000020     release_pem4f.oem4f (.text:ti_sysbios_knl_Semaphore_destruct)
                  00005e90    00000020     release_pem4f.oem4f (.text:ti_sysbios_knl_Task_Object__delete__S)
                  00005eb0    0000001e     sysbios.aem4f : m3_Hwi_asm_switch.obj (.text:ti_sysbios_family_xxx_Hwi_switchAndRunFunc)
                  00005ece    00000002     --HOLE-- [fill = 0]
                  00005ed0    0000001c                   : BIOS.obj (.text:ti_sysbios_family_arm_m3_Hwi_excHandler__I)
                  00005eec    00000004     --HOLE-- [fill = 0]
                  00005ef0    0000001c                   : BIOS.obj (.text:ti_sysbios_gates_GateMutex_Instance_init__E)
                  00005f0c    00000004     --HOLE-- [fill = 0]
                  00005f10    0000001c                   : BIOS.obj (.text:ti_sysbios_knl_Clock_Instance_finalize__E)
                  00005f2c    0000001c     release_pem4f.oem4f (.text:ti_sysbios_knl_Queue_destruct)
                  00005f48    0000001c     sysbios.aem4f : BIOS.obj (.text:ti_sysbios_knl_Queue_get__E)
                  00005f64    00000004     --HOLE-- [fill = 0]
                  00005f68    0000001c                   : BIOS.obj (.text:ti_sysbios_knl_Queue_put__E)
                  00005f84    00000004     --HOLE-- [fill = 0]
                  00005f88    0000001c                   : BIOS.obj (.text:ti_sysbios_knl_Task_enter__I)
                  00005fa4    00000004     --HOLE-- [fill = 0]
                  00005fa8    0000001c                   : BIOS.obj (.text:ti_sysbios_rts_ti_ReentSupport_getReent__F)
                  00005fc4    00000004     --HOLE-- [fill = 0]
                  00005fc8    0000001c                   : BIOS.obj (.text:xdc_runtime_Memory_valloc__E)
                  00005fe4    00000004     --HOLE-- [fill = 0]
                  00005fe8    0000001c                   : BIOS.obj (.text:xdc_runtime_System_abort__E)
                  00006004    00000018     release_pem4f.oem4f (.text:.bootCodeSection:ti_sysbios_family_arm_msp432_init_Boot_init__I)
                  0000601c    00000018     msp432p4xx_driverlib.lib : sysctl_a.o (.text:SysCtl_A_disableNMISource)
                  00006034    00000018                              : sysctl_a.o (.text:SysCtl_A_enableNMISource)
                  0000604c    00000018     drivers_msp432p401x.aem4f : UART.oem4f (.text:UART_Params_init)
                  00006064    00000018     rtsv7M4_T_le_v4SPD16_eabi.lib : args_main.c.obj (.text:_args_main)
                  0000607c    00000018                                   : strcmp.c.obj (.text:strcmp)
                  00006094    00000018     release_pem4f.oem4f (.text:ti_sysbios_BIOS_rtsUnlock__I)
                  000060ac    00000018     release_pem4f.oem4f (.text:ti_sysbios_family_arm_m3_Hwi_Module__startupDone__F)
                  000060c4    00000018     sysbios.aem4f : m3_TaskSupport_asm.obj (.text:ti_sysbios_family_arm_m3_TaskSupport_swap__E)
                  000060dc    00000018     release_pem4f.oem4f (.text:ti_sysbios_family_arm_msp432_Timer_Module__startupDone__F)
                  000060f4    00000004     --HOLE-- [fill = 0]
                  000060f8    00000018     sysbios.aem4f : BIOS.obj (.text:ti_sysbios_gates_GateMutex_leave__E)
                  00006110    00000018                   : BIOS.obj (.text:ti_sysbios_knl_Task_sleepTimeout__I)
                  00006128    00000018     release_pem4f.oem4f (.text:ti_sysbios_rts_ti_ReentSupport_getTlsAddr__I)
                  00006140    00000018     sysbios.aem4f : BIOS.obj (.text:xdc_runtime_Error_init__E)
                  00006158    00000018                   : BIOS.obj (.text:xdc_runtime_System_exit__E)
                  00006170    00000016     release_pem4f.oem4f (.text:ti_sysbios_BIOS_exitFunc__I)
                  00006186    00000002     --HOLE-- [fill = 0]
                  00006188    00000016     sysbios.aem4f : BIOS.obj (.text:ti_sysbios_knl_Task_unblock__E)
                  0000619e    00000002     --HOLE-- [fill = 0]
                  000061a0    00000014     msp432p4xx_driverlib.lib : pcm.o (.text:PCM_getPowerState)
                  000061b4    00000014     drivers_msp432p401x.aem4f : PowerMSP432.oem4f (.text:Power_idleFunc)
                  000061c8    00000014                               : UARTMSP432.oem4f (.text:clearTXCPTIFG)
                  000061dc    00000004     --HOLE-- [fill = 0]
                  000061e0    00000014     sysbios.aem4f : BIOS.obj (.text:pthread_attr_setschedparam)
                  000061f4    00000014     rtsv7M4_T_le_v4SPD16_eabi.lib : strcpy.c.obj (.text:strcpy)
                  00006208    00000014                                   : strlen.c.obj (.text:strlen)
                  0000621c    00000014     release_pem4f.oem4f (.text:ti_sysbios_family_arm_m3_Hwi_Object__get__S)
                  00006230    00000014     sysbios.aem4f : BIOS.obj (.text:ti_sysbios_family_arm_m3_Hwi_switchFromBootStack__E)
                  00006244    00000014     release_pem4f.oem4f (.text:ti_sysbios_heaps_HeapMem_Object__get__S)
                  00006258    00000014     release_pem4f.oem4f (.text:ti_sysbios_knl_Swi_Object__get__S)
                  0000626c    00000012     drivers_msp432p401x.aem4f : RingBuf.oem4f (.text:RingBuf_construct)
                  0000627e    00000012     dpl_msp432p401x.aem4f : SemaphoreP_tirtos.oem4f (.text:SemaphoreP_pend)
                  00006290    00000012     sysbios.aem4f : BIOS.obj (.text:_pthread_cleanup_pop)
                  000062a2    00000006     --HOLE-- [fill = 0]
                  000062a8    00000012                   : BIOS.obj (.text:_pthread_runStub$43)
                  000062ba    00000012     executive.obj (.text:cleanup)
                  000062cc    00000012     executive.obj (.text:run_test)
                  000062de    00000012     executive.obj (.text:setup)
                  000062f0    00000012     executive.obj (.text:signal_complete)
                  00006302    00000012     executive.obj (.text:startup)
                  00006314    00000012     executive.obj (.text:stress_bc)
                  00006326    00000002     --HOLE-- [fill = 0]
                  00006328    00000012     sysbios.aem4f : BIOS.obj (.text:ti_sysbios_family_arm_msp432_Seconds_getTime__E)
                  0000633a    00000006     --HOLE-- [fill = 0]
                  00006340    00000012                   : BIOS.obj (.text:ti_sysbios_hal_Hwi_Module_startup__E)
                  00006352    00000012     release_pem4f.oem4f (.text:xdc_runtime_Startup_exec__I)
                  00006364    00000010     dpl_msp432p401x.aem4f : HwiP_tirtos.oem4f (.text:HwiP_Params_init)
                  00006374    00000010     msp432p4xx_driverlib.lib : pcm.o (.text:PCM_gotoLPM4)
                  00006384    00000010                              : pcm.o (.text:PCM_setPowerMode)
                  00006394    00000010                              : pcm.o (.text:PCM_setPowerState)
                  000063a4    00000010     drivers_msp432p401x.aem4f : PowerMSP432.oem4f (.text:PowerMSP432_getNumPerfLevels)
                  000063b4    00000010     msp432p4xx_driverlib.lib : sysctl_a.o (.text:SysCtl_A_getNMISourceStatus)
                  000063c4    00000010                              : sysctl.o (.text:SysCtl_getNMISourceStatus)
                  000063d4    00000010     drivers_msp432p401x.aem4f : UARTMSP432.oem4f (.text:readBlockingTimeout)
                  000063e4    00000004     --HOLE-- [fill = 0]
                  000063e8    00000010     sysbios.aem4f : BIOS.obj (.text:ti_sysbios_BIOS_exit__E)
                  000063f8    00000010                   : BIOS.obj (.text:ti_sysbios_BIOS_setCpuFreq__E)
                  00006408    00000010                   : BIOS.obj (.text:ti_sysbios_BIOS_setThreadType__E)
                  00006418    00000010                   : BIOS.obj (.text:ti_sysbios_BIOS_start__E)
                  00006428    00000010                   : m3_TaskSupport_asm.obj (.text:ti_sysbios_family_arm_m3_TaskSupport_glue)
                  00006438    00000010                   : BIOS.obj (.text:ti_sysbios_family_arm_msp432_init_Boot_disableWatchdog)
                  00006448    00000010                   : BIOS.obj (.text:ti_sysbios_gates_GateMutex_Instance_finalize__E)
                  00006458    00000010     release_pem4f.oem4f (.text:ti_sysbios_knl_Mailbox_Object__get__S)
                  00006468    00000010     sysbios.aem4f : BIOS.obj (.text:ti_sysbios_knl_Semaphore_Instance_finalize__E)
                  00006478    00000010                   : BIOS.obj (.text:ti_sysbios_knl_Swi_disable__E)
                  00006488    00000010     release_pem4f.oem4f (.text:ti_sysbios_knl_Task_Object__get__S)
                  00006498    00000010     sysbios.aem4f : BIOS.obj (.text:ti_sysbios_knl_Task_disable__E)
                  000064a8    00000010                   : BIOS.obj (.text:xdc_runtime_Gate_leaveSystem__E)
                  000064b8    00000010                   : BIOS.obj (.text:xdc_runtime_Memory_free__E)
                  000064c8    00000010                   : BIOS.obj (.text:xdc_runtime_SysCallback_abort__E)
                  000064d8    00000010                   : BIOS.obj (.text:xdc_runtime_SysCallback_exit__E)
                  000064e8    0000000e     rtsv7M4_T_le_v4SPD16_eabi.lib : copy_decompress_none.c.obj (.text:decompress:none:__TI_decompress_none)
                  000064f6    00000002     --HOLE-- [fill = 0]
                  000064f8    0000000e     sysbios.aem4f : BIOS.obj (.text:pthread_attr_setdetachstate)
                  00006506    00000002     --HOLE-- [fill = 0]
                  00006508    0000000e                   : BIOS.obj (.text:ti_sysbios_knl_Idle_loop__E)
                  00006516    00000002     --HOLE-- [fill = 0]
                  00006518    0000000e                   : BIOS.obj (.text:ti_sysbios_knl_Queue_empty__E)
                  00006526    0000000c     ti_drivers_config.obj (.text:Board_init)
                  00006532    0000000c     msp432p4xx_driverlib.lib : cpu.o (.text:CPU_cpsid)
                  0000653e    0000000c                              : cpu.o (.text:CPU_cpsie)
                  0000654a    0000000c     dpl_msp432p401x.aem4f : ClockP_tirtos.oem4f (.text:ClockP_delete)
                  00006556    0000000c                           : HwiP_tirtos.oem4f (.text:HwiP_delete)
                  00006562    00000002     --HOLE-- [fill = 0]
                  00006564    0000000c     drivers_msp432p401x.aem4f : PowerMSP432.oem4f (.text:Power_getConstraintMask)
                  00006570    0000000c                               : PowerMSP432.oem4f (.text:Power_getPerformanceLevel)
                  0000657c    0000000c     dpl_msp432p401x.aem4f : SemaphoreP_tirtos.oem4f (.text:SemaphoreP_delete)
                  00006588    0000000c     rtsv7M4_T_le_v4SPD16_eabi.lib : _lock.c.obj (.text:_register_lock)
                  00006594    0000000c                                   : _lock.c.obj (.text:_register_unlock)
                  000065a0    0000000c                                   : copy_zero_init.c.obj (.text:decompress:ZI:__TI_zero_init)
                  000065ac    00000004     --HOLE-- [fill = 0]
                  000065b0    0000000c     sysbios.aem4f : BIOS.obj (.text:pthread_self)
                  000065bc    0000000c     release_pem4f.oem4f (.text:ti_sysbios_family_arm_m3_Hwi_Params__init__S)
                  000065c8    0000000c     sysbios.aem4f : BIOS.obj (.text:ti_sysbios_family_arm_m3_Hwi_disableFxn__E)
                  000065d4    00000004     --HOLE-- [fill = 0]
                  000065d8    0000000c                   : BIOS.obj (.text:ti_sysbios_family_arm_m3_TaskSupport_getStackAlignment__E)
                  000065e4    00000004     --HOLE-- [fill = 0]
                  000065e8    0000000c                   : BIOS.obj (.text:ti_sysbios_family_arm_msp432_Timer_getMaxTicks__E)
                  000065f4    00000004     --HOLE-- [fill = 0]
                  000065f8    0000000c                   : BIOS.obj (.text:ti_sysbios_gates_GateHwi_enter__E)
                  00006604    0000000c     release_pem4f.oem4f (.text:ti_sysbios_knl_Clock_Params__init__S)
                  00006610    0000000c     release_pem4f.oem4f (.text:ti_sysbios_knl_Queue_Object__get__S)
                  0000661c    0000000c     release_pem4f.oem4f (.text:ti_sysbios_knl_Semaphore_Params__init__S)
                  00006628    0000000c     release_pem4f.oem4f (.text:ti_sysbios_knl_Task_Params__init__S)
                  00006634    00000004     --HOLE-- [fill = 0]
                  00006638    0000000c     sysbios.aem4f : BIOS.obj (.text:ti_sysbios_knl_Task_self__E)
                  00006644    00000004     --HOLE-- [fill = 0]
                  00006648    0000000c                   : BIOS.obj (.text:ti_sysbios_rts_ti_ReentSupport_taskRegHook__I)
                  00006654    00000004     --HOLE-- [fill = 0]
                  00006658    0000000c                   : BIOS.obj (.text:xdc_runtime_Gate_enterSystem__E)
                  00006664    00000004     --HOLE-- [fill = 0]
                  00006668    0000000c                   : BIOS.obj (.text:xdc_runtime_Startup_rtsDone__E)
                  00006674    0000000a     dpl_msp432p401x.aem4f : ClockP_tirtos.oem4f (.text:ClockP_Params_init)
                  0000667e    0000000a     drivers_msp432p401x.aem4f : UART.oem4f (.text:UART_read)
                  00006688    0000000a                               : UART.oem4f (.text:UART_write)
                  00006692    0000000a     release_pem4f.oem4f (.text:xdc_runtime_IHeap_alloc)
                  0000669c    0000000a     release_pem4f.oem4f (.text:xdc_runtime_IHeap_free)
                  000066a6    00000008     dpl_msp432p401x.aem4f : SemaphoreP_tirtos.oem4f (.text:SemaphoreP_Params_init)
                  000066ae    00000002     --HOLE-- [fill = 0]
                  000066b0    00000008     sysbios.aem4f : BIOS.obj (.text:pthread_attr_setstacksize)
                  000066b8    00000008     drivers_msp432p401x.aem4f : UARTMSP432.oem4f (.text:readSemCallback)
                  000066c0    00000008     sysbios.aem4f : BIOS.obj (.text:ti_sysbios_family_arm_m3_Hwi_doSwiRestore__I)
                  000066c8    00000008                   : BIOS.obj (.text:ti_sysbios_family_arm_m3_Hwi_startup__E)
                  000066d0    00000008     drivers_msp432p401x.aem4f : UARTMSP432.oem4f (.text:txcptEnabledStatus)
                  000066d8    00000008                               : UARTMSP432.oem4f (.text:writeSemCallback)
                  000066e0    00000006     sysbios.aem4f : BIOS.obj (.text:ti_sysbios_family_arm_m3_Hwi_doTaskRestore__I)
                  000066e6    00000002     --HOLE-- [fill = 0]
                  000066e8    00000006                   : BIOS.obj (.text:ti_sysbios_family_arm_m3_Hwi_restoreFxn__E)
                  000066ee    00000002     --HOLE-- [fill = 0]
                  000066f0    00000006                   : BIOS.obj (.text:ti_sysbios_gates_GateHwi_leave__E)
                  000066f6    00000002     --HOLE-- [fill = 0]
                  000066f8    00000006                   : BIOS.obj (.text:ti_sysbios_heaps_HeapMem_isBlocking__E)
                  000066fe    00000002     --HOLE-- [fill = 0]
                  00006700    00000006                   : BIOS.obj (.text:ti_sysbios_knl_Clock_stop__E)
                  00006706    00000002     --HOLE-- [fill = 0]
                  00006708    00000006                   : BIOS.obj (.text:ti_sysbios_knl_Queue_Instance_init__E)
                  0000670e    00000002     --HOLE-- [fill = 0]
                  00006710    00000006                   : BIOS.obj (.text:ti_sysbios_knl_Swi_startup__E)
                  00006716    00000002     --HOLE-- [fill = 0]
                  00006718    00000006                   : BIOS.obj (.text:xdc_runtime_System_Module_startup__E)
                  0000671e    00000002     --HOLE-- [fill = 0]
                  00006720    00000004                   : BIOS.obj (.text:__aeabi_errno_addr)
                  00006724    00000004     --HOLE-- [fill = 0]
                  00006728    00000004                   : BIOS.obj (.text:ti_sysbios_gates_GateHwi_query__E)
                  0000672c    00000004     --HOLE-- [fill = 0]
                  00006730    00000004                   : BIOS.obj (.text:ti_sysbios_gates_GateMutex_query__E)
                  00006734    00000004     --HOLE-- [fill = 0]
                  00006738    00000004                   : BIOS.obj (.text:ti_sysbios_knl_Clock_setTimeout__E)
                  0000673c    00000004     --HOLE-- [fill = 0]
                  00006740    00000004                   : BIOS.obj (.text:ti_sysbios_knl_Task_startup__E)
                  00006744    00000004     --HOLE-- [fill = 0]
                  00006748    00000002                   : BIOS.obj (.text:ti_sysbios_BIOS_linkedWithIncorrectBootLibrary__E)
                  0000674a    00000006     --HOLE-- [fill = 0]
                  00006750    00000002                   : BIOS.obj (.text:ti_sysbios_gates_GateHwi_Instance_init__E)
                  00006752    00000006     --HOLE-- [fill = 0]
                  00006758    00000002                   : BIOS.obj (.text:ti_sysbios_knl_Clock_logTick__E)
                  0000675a    00000006     --HOLE-- [fill = 0]
                  00006760    00000002                   : BIOS.obj (.text:xdc_runtime_SysCallback_defaultAbort)
                  00006762    00000006     --HOLE-- [fill = 0]
                  00006768    00000002                   : BIOS.obj (.text:xdc_runtime_SysCallback_defaultExit)
                  0000676a    00000006     --HOLE-- [fill = 0]
                  00006770    00000002                   : BIOS.obj (.text:xdc_runtime_System_abortSpin__E)
                  00006772    00000006     --HOLE-- [fill = 0]
                  00006778    00000002                   : BIOS.obj (.text:xdc_runtime_System_exitSpin__E)

.const     0    0000677c    00000722     
                  0000677c    00000060     rtsv7M4_T_le_v4SPD16_eabi.lib : mktime.c.obj (.const:$O1$$)
                  000067dc    00000058     ti_drivers_config.obj (.const:uartMSP432HWAttrs)
                  00006834    00000054     executive.obj (.const:$P$T0$1)
                  00006888    00000040     ti_drivers_config.obj (.const:uartMSP432Baudrates)
                  000068c8    0000003c     release_pem4f.oem4f (.const:ti_sysbios_knl_Task_Object__PARAMS__C)
                  00006904    00000038     ti_drivers_config.obj (.const:PowerMSP432_config)
                  0000693c    00000034     release_pem4f.oem4f (.const:ti_sysbios_knl_Mailbox_Object__PARAMS__C)
                  00006970    00000030     release_pem4f.oem4f (.const:ti_sysbios_family_arm_m3_Hwi_Object__PARAMS__C)
                  000069a0    00000028     drivers_msp432p401x.aem4f : UARTMSP432.oem4f (.const:UARTMSP432_fxnTable)
                  000069c8    00000028     release_pem4f.oem4f (.const:ti_sysbios_heaps_HeapMem_Module__FXNS__C)
                  000069f0    00000024     drivers_msp432p401x.aem4f : UART.oem4f (.const:UART_defaultParams)
                  00006a14    00000024     release_pem4f.oem4f (.const:ti_sysbios_gates_GateHwi_Module__FXNS__C)
                  00006a38    00000024     release_pem4f.oem4f (.const:ti_sysbios_gates_GateMutex_Module__FXNS__C)
                  00006a5c    00000024     release_pem4f.oem4f (.const:ti_sysbios_heaps_HeapMem_Object__PARAMS__C)
                  00006a80    00000024     release_pem4f.oem4f (.const:ti_sysbios_knl_Clock_Object__PARAMS__C)
                  00006aa4    00000024     release_pem4f.oem4f (.const:ti_sysbios_knl_Semaphore_Object__PARAMS__C)
                  00006ac8    00000024     release_pem4f.oem4f (.const:xdc_runtime_Startup_sfxnTab__A)
                  00006aec    00000020     drivers_msp432p401x.aem4f : UARTMSP432.oem4f (.const:staticFxnTable)
                  00006b0c    00000020     release_pem4f.oem4f (.const:ti_sysbios_family_arm_m3_Hwi_Object__DESC__C)
                  00006b2c    00000020     release_pem4f.oem4f (.const:ti_sysbios_gates_GateHwi_Object__DESC__C)
                  00006b4c    00000020     release_pem4f.oem4f (.const:ti_sysbios_gates_GateMutex_Object__DESC__C)
                  00006b6c    00000020     release_pem4f.oem4f (.const:ti_sysbios_heaps_HeapMem_Object__DESC__C)
                  00006b8c    00000020     release_pem4f.oem4f (.const:ti_sysbios_knl_Clock_Object__DESC__C)
                  00006bac    00000020     release_pem4f.oem4f (.const:ti_sysbios_knl_Mailbox_Object__DESC__C)
                  00006bcc    00000020     release_pem4f.oem4f (.const:ti_sysbios_knl_Queue_Object__DESC__C)
                  00006bec    00000020     release_pem4f.oem4f (.const:ti_sysbios_knl_Semaphore_Object__DESC__C)
                  00006c0c    00000020     release_pem4f.oem4f (.const:ti_sysbios_knl_Task_Object__DESC__C)
                  00006c2c    0000001d     uart_thread.obj (.const:.string:$P$T6$7)
                  00006c49    0000001d     uart_thread.obj (.const:.string:$P$T7$8)
                  00006c66    0000001a     uart_thread.obj (.const:.string:$P$T8$9)
                  00006c80    00000018     ti_drivers_config.obj (.const:UART_config)
                  00006c98    00000018     release_pem4f.oem4f (.const:ti_sysbios_gates_GateHwi_Object__PARAMS__C)
                  00006cb0    00000018     release_pem4f.oem4f (.const:ti_sysbios_gates_GateMutex_Object__PARAMS__C)
                  00006cc8    00000018     release_pem4f.oem4f (.const:ti_sysbios_knl_Queue_Object__PARAMS__C)
                  00006ce0    00000018     release_pem4f.oem4f (.const:ti_sysbios_knl_Task_hooks__A)
                  00006cf8    00000015     uart_thread.obj (.const:.string:$P$T5$6)
                  00006d0d    00000003     uart_thread.obj (.const:.string:$P$T3$4)
                  00006d10    00000014     ti_drivers_config.obj (.const:GPIOMSP432_config)
                  00006d24    00000012     release_pem4f.oem4f (.const:xdc_runtime_Startup_sfxnRts__A)
                  00006d36    00000002     release_pem4f.oem4f (.const:ti_sysbios_family_arm_m3_Hwi_Module__id__C)
                  00006d38    0000000c     release_pem4f.oem4f (.const:xdc_runtime_Startup_firstFxns__A)
                  00006d44    0000000a     uart_thread.obj (.const:.string:$P$T4$5)
                  00006d4e    00000009     uart_thread.obj (.const:.string:$P$T1$2)
                  00006d57    00000001     release_pem4f.oem4f (.const:xdc_runtime_Error_policy__C)
                  00006d58    00000008     uart_thread.obj (.const:$P$T10$11)
                  00006d60    00000008     uart_thread.obj (.const:$P$T9$10)
                  00006d68    00000008     uart_thread.obj (.const:.string:$P$T2$3)
                  00006d70    00000008     release_pem4f.oem4f (.const)
                  00006d78    00000008     release_pem4f.oem4f (.const:ti_sysbios_knl_Idle_funcList__A)
                  00006d80    00000008     release_pem4f.oem4f (.const:ti_sysbios_knl_Idle_funcList__C)
                  00006d88    00000008     release_pem4f.oem4f (.const:ti_sysbios_knl_Task_hooks__C)
                  00006d90    00000008     release_pem4f.oem4f (.const:xdc_runtime_Startup_firstFxns__C)
                  00006d98    00000008     release_pem4f.oem4f (.const:xdc_runtime_Startup_lastFxns__C)
                  00006da0    00000006     drivers_msp432p401x.aem4f : GPIOMSP432.oem4f (.const:.string:interruptType)
                  00006da6    00000006                               : GPIOMSP432.oem4f (.const:.string:portInterruptIds)
                  00006dac    00000005                               : UARTMSP432.oem4f (.const:.string:parityTypes)
                  00006db1    00000004     uart_thread.obj (.const:.string:$P$T0$1)
                  00006db5    00000001     --HOLE-- [fill = 0]
                  00006db6    00000004     drivers_msp432p401x.aem4f : UARTMSP432.oem4f (.const:stopBits)
                  00006dba    00000004     ti_drivers_config.obj (.const)
                  00006dbe    00000002     release_pem4f.oem4f (.const:ti_sysbios_family_arm_msp432_init_Boot_bypassHFXT__C)
                  00006dc0    00000004     release_pem4f.oem4f (.const:ti_sysbios_family_arm_m3_Hwi_E_alreadyDefined__C)
                  00006dc4    00000004     release_pem4f.oem4f (.const:ti_sysbios_family_arm_m3_Hwi_E_badIntNum__C)
                  00006dc8    00000004     release_pem4f.oem4f (.const:ti_sysbios_family_arm_m3_Hwi_NUM_INTERRUPTS__C)
                  00006dcc    00000004     release_pem4f.oem4f (.const:ti_sysbios_family_arm_m3_Hwi_Object__count__C)
                  00006dd0    00000004     release_pem4f.oem4f (.const:ti_sysbios_family_arm_m3_Hwi_ccr__C)
                  00006dd4    00000004     release_pem4f.oem4f (.const:ti_sysbios_family_arm_m3_Hwi_excHandlerFunc__C)
                  00006dd8    00000004     release_pem4f.oem4f (.const:ti_sysbios_family_arm_m3_Hwi_nullIsrFunc__C)
                  00006ddc    00000004     release_pem4f.oem4f (.const:ti_sysbios_family_arm_m3_Hwi_priGroup__C)
                  00006de0    00000004     release_pem4f.oem4f (.const:ti_sysbios_family_arm_m3_Hwi_swiDisable__C)
                  00006de4    00000004     release_pem4f.oem4f (.const:ti_sysbios_family_arm_m3_Hwi_swiRestore__C)
                  00006de8    00000004     release_pem4f.oem4f (.const:ti_sysbios_family_arm_m3_TaskSupport_stackAlignment__C)
                  00006dec    00000004     release_pem4f.oem4f (.const:ti_sysbios_family_arm_msp432_Timer_numTimerDevices__C)
                  00006df0    00000004     release_pem4f.oem4f (.const:ti_sysbios_family_arm_msp432_Timer_startupNeeded__C)
                  00006df4    00000004     release_pem4f.oem4f (.const:ti_sysbios_gates_GateMutex_Instance_State_sem__O)
                  00006df8    00000004     release_pem4f.oem4f (.const:ti_sysbios_heaps_HeapMem_E_memory__C)
                  00006dfc    00000004     release_pem4f.oem4f (.const:ti_sysbios_heaps_HeapMem_Module__gateObj__C)
                  00006e00    00000004     release_pem4f.oem4f (.const:ti_sysbios_heaps_HeapMem_Object__count__C)
                  00006e04    00000004     release_pem4f.oem4f (.const:ti_sysbios_heaps_HeapMem_primaryHeapBaseAddr__C)
                  00006e08    00000004     release_pem4f.oem4f (.const:ti_sysbios_heaps_HeapMem_primaryHeapEndAddr__C)
                  00006e0c    00000004     release_pem4f.oem4f (.const:ti_sysbios_heaps_HeapMem_reqAlign__C)
                  00006e10    00000004     release_pem4f.oem4f (.const:ti_sysbios_knl_Clock_Module_State_clockQ__O)
                  00006e14    00000004     release_pem4f.oem4f (.const:ti_sysbios_knl_Clock_tickPeriod__C)
                  00006e18    00000004     release_pem4f.oem4f (.const:ti_sysbios_knl_Mailbox_Instance_State_dataQue__O)
                  00006e1c    00000004     release_pem4f.oem4f (.const:ti_sysbios_knl_Mailbox_Instance_State_dataSem__O)
                  00006e20    00000004     release_pem4f.oem4f (.const:ti_sysbios_knl_Mailbox_Instance_State_freeQue__O)
                  00006e24    00000004     release_pem4f.oem4f (.const:ti_sysbios_knl_Mailbox_Instance_State_freeSem__O)
                  00006e28    00000004     release_pem4f.oem4f (.const:ti_sysbios_knl_Mailbox_Object__count__C)
                  00006e2c    00000004     release_pem4f.oem4f (.const:ti_sysbios_knl_Mailbox_maxTypeAlign__C)
                  00006e30    00000004     release_pem4f.oem4f (.const:ti_sysbios_knl_Semaphore_Instance_State_pendQ__O)
                  00006e34    00000004     release_pem4f.oem4f (.const:ti_sysbios_knl_Swi_Object__count__C)
                  00006e38    00000004     release_pem4f.oem4f (.const:ti_sysbios_knl_Task_Module_State_inactiveQ__O)
                  00006e3c    00000004     release_pem4f.oem4f (.const:ti_sysbios_knl_Task_Object__count__C)
                  00006e40    00000004     release_pem4f.oem4f (.const:ti_sysbios_knl_Task_Object__heap__C)
                  00006e44    00000004     release_pem4f.oem4f (.const:ti_sysbios_knl_Task_allBlockedFunc__C)
                  00006e48    00000004     release_pem4f.oem4f (.const:ti_sysbios_knl_Task_defaultStackHeap__C)
                  00006e4c    00000004     release_pem4f.oem4f (.const:ti_sysbios_knl_Task_defaultStackSize__C)
                  00006e50    00000004     release_pem4f.oem4f (.const:ti_sysbios_knl_Task_numConstructedTasks__C)
                  00006e54    00000004     release_pem4f.oem4f (.const:xdc_runtime_Error_E_memory__C)
                  00006e58    00000004     release_pem4f.oem4f (.const:xdc_runtime_Error_policyFxn__C)
                  00006e5c    00000004     release_pem4f.oem4f (.const:xdc_runtime_IGateProvider_Interface__BASE__C)
                  00006e60    00000004     release_pem4f.oem4f (.const:xdc_runtime_IHeap_Interface__BASE__C)
                  00006e64    00000004     release_pem4f.oem4f (.const:xdc_runtime_IModule_Interface__BASE__C)
                  00006e68    00000004     release_pem4f.oem4f (.const:xdc_runtime_Memory_defaultHeapInstance__C)
                  00006e6c    00000004     release_pem4f.oem4f (.const:xdc_runtime_Startup_execImpl__C)
                  00006e70    00000004     release_pem4f.oem4f (.const:xdc_runtime_Startup_maxPasses__C)
                  00006e74    00000004     release_pem4f.oem4f (.const:xdc_runtime_Startup_sfxnRts__C)
                  00006e78    00000004     release_pem4f.oem4f (.const:xdc_runtime_Startup_sfxnTab__C)
                  00006e7c    00000004     release_pem4f.oem4f (.const:xdc_runtime_SysCallback_abortFxn__C)
                  00006e80    00000004     release_pem4f.oem4f (.const:xdc_runtime_SysCallback_exitFxn__C)
                  00006e84    00000004     release_pem4f.oem4f (.const:xdc_runtime_System_Module__gateObj__C)
                  00006e88    00000004     release_pem4f.oem4f (.const:xdc_runtime_System_abortFxn__C)
                  00006e8c    00000004     release_pem4f.oem4f (.const:xdc_runtime_System_exitFxn__C)
                  00006e90    00000004     release_pem4f.oem4f (.const:xdc_runtime_System_maxAtexitHandlers__C)
                  00006e94    00000002     release_pem4f.oem4f (.const:ti_sysbios_family_arm_msp432_init_Boot_bypassLFXT__C)
                  00006e96    00000002     release_pem4f.oem4f (.const:ti_sysbios_family_arm_msp432_init_Boot_enableHFXT__C)
                  00006e98    00000002     release_pem4f.oem4f (.const:ti_sysbios_family_arm_msp432_init_Boot_enableLFXT__C)
                  00006e9a    00000002     release_pem4f.oem4f (.const:ti_sysbios_heaps_HeapMem_Module__id__C)
                  00006e9c    00000002     release_pem4f.oem4f (.const:xdc_runtime_Memory_Module__id__C)

.cinit     0    00006ea0    00000270     
                  00006ea0    00000246     (.cinit..data.load) [load image, compression = lzss]
                  000070e6    00000002     --HOLE-- [fill = 0]
                  000070e8    0000000c     (__TI_handler_table)
                  000070f4    00000004     --HOLE-- [fill = 0]
                  000070f8    00000008     (.cinit..bss.load) [load image, compression = zero_init]
                  00007100    00000010     (__TI_cinit_table)

.init_array 
*          0    00000000    00000000     UNINITIALIZED

.data      0    20008140    00000669     UNINITIALIZED
                  20008140    00000140     drivers_msp432p401x.aem4f : PowerMSP432.oem4f (.data:PowerMSP432_perfLevels)
                  20008280    00000088     sysbios.aem4f : BIOS.obj (.data:$O1$$)
                  20008308    00000080     release_pem4f.oem4f (.data:ti_sysbios_knl_Swi_Module_State_0_readyQ__A)
                  20008388    00000080     release_pem4f.oem4f (.data:ti_sysbios_knl_Task_Module_State_0_readyQ__A)
                  20008408    00000054     release_pem4f.oem4f (.data:ti_sysbios_gates_GateMutex_Object__table__V)
                  2000845c    0000004c     release_pem4f.oem4f (.data:ti_sysbios_knl_Task_Object__table__V)
                  200084a8    00000044     release_pem4f.oem4f (.data:ti_sysbios_family_arm_msp432_Timer_Object__table__V)
                  200084ec    00000044     release_pem4f.oem4f (.data:ti_sysbios_knl_Task_Module__state__V)
                  20008530    00000034     release_pem4f.oem4f (.data:ti_sysbios_family_arm_m3_Hwi_Module__state__V)
                  20008564    00000030     release_pem4f.oem4f (.data:ti_sysbios_knl_Swi_Object__table__V)
                  20008594    0000002c     drivers_msp432p401x.aem4f : PowerMSP432.oem4f (.data:PowerMSP432_module)
                  200085c0    0000002c     release_pem4f.oem4f (.data:ti_sysbios_knl_Clock_Module__state__V)
                  200085ec    00000024     release_pem4f.oem4f (.data:ti_sysbios_BIOS_Module__state__V)
                  20008610    00000020     release_pem4f.oem4f (.data:ti_sysbios_family_arm_msp432_Timer_Module_State_0_device__A)
                  20008630    00000020     release_pem4f.oem4f (.data:xdc_runtime_Error_IgnoreBlock)
                  20008650    0000001c     executive.obj (.data:states)
                  2000866c    0000001c     release_pem4f.oem4f (.data:ti_sysbios_knl_Swi_Module__state__V)
                  20008688    00000018     release_pem4f.oem4f (.data:ti_sysbios_family_arm_m3_Hwi_Object__table__V)
                  200086a0    00000018     release_pem4f.oem4f (.data:ti_sysbios_heaps_HeapMem_Object__table__V)
                  200086b8    00000010     rtsv7M4_T_le_v4SPD16_eabi.lib : tmzone.c.obj (.data:_tz)
                  200086c8    00000010     release_pem4f.oem4f (.data:ti_sysbios_family_arm_msp432_Timer_Module_State_0_handles__A)
                  200086d8    0000000c     ti_drivers_config.obj (.data:gpioCallbackFunctions)
                  200086e4    0000000c     ti_drivers_config.obj (.data:gpioPinConfigs)
                  200086f0    0000000c     release_pem4f.oem4f (.data:ti_sysbios_family_arm_msp432_ClockFreqs_Module__state__V)
                  200086fc    0000000c     release_pem4f.oem4f (.data:ti_sysbios_family_arm_msp432_Timer_Module__state__V)
                  20008708    00000008     rtsv7M4_T_le_v4SPD16_eabi.lib : _lock.c.obj (.data:$O1$$)
                  20008710    00000008     executive.obj (.data:bcmq_lat)
                  20008718    00000008     executive.obj (.data:exec_lat_rem)
                  20008720    00000008     release_pem4f.oem4f (.data:ti_sysbios_family_arm_m3_Hwi_Module__root__V)
                  20008728    00000008     release_pem4f.oem4f (.data:ti_sysbios_gates_GateHwi_Module__root__V)
                  20008730    00000008     release_pem4f.oem4f (.data:ti_sysbios_gates_GateMutex_Module__root__V)
                  20008738    00000008     release_pem4f.oem4f (.data:ti_sysbios_heaps_HeapMem_Module__root__V)
                  20008740    00000008     release_pem4f.oem4f (.data:ti_sysbios_knl_Clock_Module__root__V)
                  20008748    00000008     release_pem4f.oem4f (.data:ti_sysbios_knl_Mailbox_Module__root__V)
                  20008750    00000008     release_pem4f.oem4f (.data:ti_sysbios_knl_Queue_Module__root__V)
                  20008758    00000008     release_pem4f.oem4f (.data:ti_sysbios_knl_Semaphore_Module__root__V)
                  20008760    00000008     release_pem4f.oem4f (.data:ti_sysbios_knl_Task_Module__root__V)
                  20008768    00000008     uart_thread.obj (.data)
                  20008770    00000008     release_pem4f.oem4f (.data:xdc_runtime_Startup_Module__state__V)
                  20008778    00000008     release_pem4f.oem4f (.data:xdc_runtime_System_Module_State_0_atexitHandlers__A)
                  20008780    00000008     release_pem4f.oem4f (.data:xdc_runtime_System_Module__state__V)
                  20008788    00000004     rtsv7M4_T_le_v4SPD16_eabi.lib : stkdepth_vars.c.obj (.data)
                  2000878c    00000004     release_pem4f.oem4f (.data:ti_sysbios_family_arm_m3_Hwi_Module_State_0_excContext__A)
                  20008790    00000004     release_pem4f.oem4f (.data:ti_sysbios_family_arm_m3_Hwi_Module_State_0_excStack__A)
                  20008794    00000004     release_pem4f.oem4f (.data:ti_sysbios_gates_GateHwi_Object__table__V)
                  20008798    00000004     release_pem4f.oem4f (.data:ti_sysbios_knl_Task_Module_State_0_idleTask__A)
                  2000879c    00000004     release_pem4f.oem4f (.data:ti_sysbios_rts_ti_ReentSupport_Module__state__V)
                  200087a0    00000004     release_pem4f.oem4f (.data:xdc_runtime_Memory_Module__state__V)
                  200087a4    00000002     drivers_msp432p401x.aem4f : GPIOMSP432.oem4f (.data)
                  200087a6    00000002     release_pem4f.oem4f (.data:ti_sysbios_family_arm_m3_Hwi_Module_State_0_excActive__A)
                  200087a8    00000001     drivers_msp432p401x.aem4f : UART.oem4f (.data)

.bss       0    200087b0    00000548     UNINITIALIZED
                  200087b0    00000200     release_pem4f.oem4f (.bss:taskStackSection)
                  200089b0    00000140     (.common:ti_sysbios_family_arm_m3_Hwi_dispatchTable)
                  20008af0    00000100     (.common:uartMSP432Objects)
                  20008bf0    00000064     (.common:bc_r_buf)
                  20008c54    00000030     drivers_msp432p401x.aem4f : GPIOMSP432.oem4f (.bss:gpioCallbackInfo)
                  20008c84    00000020     ti_drivers_config.obj (.bss:uartMSP432RingBuffer0)
                  20008ca4    00000020     ti_drivers_config.obj (.bss:uartMSP432RingBuffer1)
                  20008cc4    00000008     msp432p4xx_driverlib.lib : cs.o (.bss)
                  20008ccc    00000008     (.common:exec_lat)
                  20008cd4    00000004     drivers_msp432p401x.aem4f : GPIOMSP432.oem4f (.bss)
                  20008cd8    00000004     (.common:ClockP_tickPeriod)
                  20008cdc    00000004     (.common:bc_r_thr_handler)
                  20008ce0    00000004     (.common:bc_w_thr_handler)
                  20008ce4    00000004     (.common:bcmq_exec)
                  20008ce8    00000004     (.common:exec_thr_handler)
                  20008cec    00000004     (.common:ow_handle)
                  20008cf0    00000004     (.common:ti_sysbios_knl_Task_Instance_State_0_hookEnv__A)
                  20008cf4    00000004     (.common:uart_handle)

.priheap   0    20000140    00008000     UNINITIALIZED
                  20000140    00008000     --HOLE--

.stack     0    2000fc00    00000400     UNINITIALIZED
                  2000fc00    00000400     --HOLE--

.bootVecs 
*          0    00000000    00000008     DSECT
                  00000000    00000008     boot.aem4f : boot.oem4f (.bootVecs)

.resetVecs 
*          0    00000000    0000003c     
                  00000000    0000003c     release_pem4f.oem4f (.resetVecs)

.vecs      0    20000000    00000140     NOLOAD SECTION
                  20000000    00000140     release_pem4f.oem4f (.vecs)

xdc.meta   0    00000000    00000113     COPY SECTION
                  00000000    00000113     release_pem4f.oem4f (xdc.meta)

xdc.noload 
*          0    00000000    00000000     COPY SECTION

__llvm_prf_cnts 
*          0    20000000    00000000     UNINITIALIZED

.binit     0    00000000    00000000     

MODULE SUMMARY

       Module                       code    ro data   rw data
       ------                       ----    -------   -------
    .\
       uart_thread.obj              964     155       248    
       executive.obj                224     84        120    
       main_tirtos.obj              252     0         0      
    +--+----------------------------+-------+---------+---------+
       Total:                       1440    239       368    
                                                             
    .\syscfg\
       ti_drivers_config.obj        14      256       688    
    +--+----------------------------+-------+---------+---------+
       Total:                       14      256       688    
                                                             
    C:\Users\JacobFaseler\Desktop\LiPoChar Source\CCS\tirtos_builds_MSP_EXP432P401R_release_ccs\Debug\configPkg\package\cfg\
       release_pem4f.oem4f          1650    1165      4380   
    +--+----------------------------+-------+---------+---------+
       Total:                       1650    1165      4380   
                                                             
    C:/ti/simplelink_msp432p4_sdk_3_40_01_02/kernel/tirtos/packages/ti/dpl/lib/dpl_msp432p401x.aem4f
       SemaphoreP_tirtos.oem4f      146     0         0      
       ClockP_tirtos.oem4f          114     0         8      
       PowerMSP432_tirtos.oem4f     122     0         0      
       HwiP_tirtos.oem4f            96      0         0      
    +--+----------------------------+-------+---------+---------+
       Total:                       478     0         8      
                                                             
    C:/ti/simplelink_msp432p4_sdk_3_40_01_02/source/ti/devices/msp432p4xx/driverlib/ccs/msp432p4xx_driverlib.lib
       pcm.o                        1770    0         0      
       cs.o                         704     0         16     
       uart.o                       284     0         0      
       sysctl_a.o                   64      0         0      
       rtc_c.o                      44      0         0      
       wdt_a.o                      36      0         0      
       cpu.o                        28      0         0      
       sysctl.o                     16      0         0      
    +--+----------------------------+-------+---------+---------+
       Total:                       2946    0         16     
                                                             
    C:/ti/simplelink_msp432p4_sdk_3_40_01_02/source/ti/drivers/lib/drivers_msp432p401x.aem4f
       UARTMSP432.oem4f             3406    81        0      
       PowerMSP432.oem4f            2196    0         728    
       GPIOMSP432.oem4f             740     12        108    
       UART.oem4f                   176     36        2      
       RingBuf.oem4f                184     0         0      
       List.oem4f                   76      0         0      
    +--+----------------------------+-------+---------+---------+
       Total:                       6778    129       838    
                                                             
    C:\Users\JacobFaseler\Desktop\LiPoChar Source\CCS\tirtos_builds_MSP_EXP432P401R_release_ccs\src\sysbios\sysbios.aem4f
       BIOS.obj                     10422   0         272    
       m3_Hwi_asm.obj               318     0         0      
       m3_TaskSupport_asm.obj       180     0         0      
       m3_Hwi_asm_switch.obj        118     0         0      
    +--+----------------------------+-------+---------+---------+
       Total:                       11038   0         272    
                                                             
    C:\ti\ccs1110\ccs\tools\compiler\ti-cgt-arm_20.2.5.LTS\lib\rtsv7M4_T_le_v4SPD16_eabi.lib
       mktime.c.obj                 672     96        0      
       memcpy_t2.asm.obj            156     0         0      
       ull_div_t2.asm.obj           150     0         0      
       memset_t2.asm.obj            122     0         0      
       ll_div_t2.asm.obj            110     0         0      
       copy_decompress_lzss.c.obj   104     0         0      
       cpy_tbl.c.obj                76      0         0      
       _lock.c.obj                  26      0         16     
       tmzone.c.obj                 0       0         32     
       args_main.c.obj              24      0         0      
       strcmp.c.obj                 24      0         0      
       strcpy.c.obj                 20      0         0      
       strlen.c.obj                 20      0         0      
       copy_decompress_none.c.obj   14      0         0      
       copy_zero_init.c.obj         12      0         0      
       stkdepth_vars.c.obj          0       0         8      
       div0.asm.obj                 2       0         0      
    +--+----------------------------+-------+---------+---------+
       Total:                       1532    96        56     
                                                             
    C:\ti\simplelink_msp432p4_sdk_3_40_01_02\kernel\tirtos\packages\ti\targets\arm\rtsarm\lib\auto_init.aem4f
       auto_init.oem4f              160     0         0      
    +--+----------------------------+-------+---------+---------+
       Total:                       160     0         0      
                                                             
    C:\ti\simplelink_msp432p4_sdk_3_40_01_02\kernel\tirtos\packages\ti\targets\arm\rtsarm\lib\boot.aem4f
       boot.oem4f                   88      0         0      
    +--+----------------------------+-------+---------+---------+
       Total:                       88      0         0      
                                                             
       Stack:                       0       0         2048   
       Linker Generated:            0       618       0      
    +--+----------------------------+-------+---------+---------+
       Grand Total:                 26124   2503      8674   


LINKER GENERATED COPY TABLES

__TI_cinit_table @ 00007100 records: 2, size/record: 8, table size: 16
	.data: load addr=00006ea0, load size=00000246 bytes, run addr=20008140, run size=00000669 bytes, compression=lzss
	.bss: load addr=000070f8, load size=00000008 bytes, run addr=200087b0, run size=00000548 bytes, compression=zero_init


LINKER GENERATED HANDLER TABLE

__TI_handler_table @ 000070e8 records: 3, size/record: 4, table size: 12
	index: 0, handler: __TI_decompress_lzss
	index: 1, handler: __TI_decompress_none
	index: 2, handler: __TI_zero_init


GLOBAL SYMBOLS: SORTED ALPHABETICALLY BY Name 

address   name                                                            
-------   ----                                                            
00006dba  ADC_count                                                       
00006527  Board_init                                                      
00000b33  Board_initHook                                                  
00006533  CPU_cpsid                                                       
0000653f  CPU_cpsie                                                       
00000fb5  CPU_wfi                                                         
00005d4d  CS_setExternalClockSourceFrequency                              
00001e79  CS_startHFXTWithTimeout                                         
00001f5d  CS_startLFXTWithTimeout                                         
00006675  ClockP_Params_init                                              
00004869  ClockP_create                                                   
0000654b  ClockP_delete                                                   
00001435  ClockP_setTimeout                                               
0000178d  ClockP_start                                                    
0000203d  ClockP_stop                                                     
20008cd8  ClockP_tickPeriod                                               
00006d10  GPIOMSP432_config                                               
00004045  GPIO_hwiIntFxn                                                  
00002a89  GPIO_init                                                       
000042b5  GPIO_setCallback                                                
00001169  GPIO_setConfig                                                  
00008000  HEAPSIZE                                                        
00006365  HwiP_Params_init                                                
00004f8d  HwiP_create                                                     
00006557  HwiP_delete                                                     
0000262b  HwiP_disable                                                    
000066e9  HwiP_restore                                                    
00005af9  List_put                                                        
00005b1f  List_remove                                                     
000043d9  PCM_getCoreVoltageLevel                                         
00004555  PCM_getPowerMode                                                
000061a1  PCM_getPowerState                                               
000059b9  PCM_gotoLPM0                                                    
000037c9  PCM_gotoLPM3                                                    
00006375  PCM_gotoLPM4                                                    
00006385  PCM_setPowerMode                                                
00006395  PCM_setPowerState                                               
00004715  PCM_shutdownDevice                                              
00006dbb  PWM_count                                                       
00006904  PowerMSP432_config                                              
000040ad  PowerMSP432_getFreqs                                            
000063a5  PowerMSP432_getNumPerfLevels                                    
0000262f  PowerMSP432_initPolicy                                          
20008594  PowerMSP432_module                                              
20008140  PowerMSP432_perfLevels                                          
000049f9  PowerMSP432_sleepPolicy                                         
000057c7  PowerMSP432_updateFreqs                                         
00006565  Power_getConstraintMask                                         
00006571  Power_getPerformanceLevel                                       
000061b5  Power_idleFunc                                                  
00002fc5  Power_init                                                      
000059e1  Power_registerNotify                                            
00004d05  Power_releaseConstraint                                         
00005345  Power_setConstraint                                             
[...]
000064b9  xdc_runtime_Memory_free__E                                      
000064c9  xdc_runtime_SysCallback_abort__E                                
000064c9  xdc_runtime_System_SupportProxy_abort__E                        
000064d9  xdc_runtime_SysCallback_exit__E                                 
000064d9  xdc_runtime_System_SupportProxy_exit__E                         
000064e9  __TI_decompress_none                                            
000064f9  pthread_attr_setdetachstate                                     
00006509  ti_sysbios_knl_Idle_loop__E                                     
00006519  ti_sysbios_knl_Queue_empty__E                                   
00006527  Board_init                                                      
00006533  CPU_cpsid                                                       
0000653f  CPU_cpsie                                                       
0000654b  ClockP_delete                                                   
00006557  HwiP_delete                                                     
00006565  Power_getConstraintMask                                         
00006571  Power_getPerformanceLevel                                       
0000657d  SemaphoreP_delete                                               
00006589  _register_lock                                                  
00006595  _register_unlock                                                
000065a1  __TI_zero_init                                                  
000065b1  pthread_self                                                    
000065bd  ti_sysbios_family_arm_m3_Hwi_Params__init__S                    
000065bd  ti_sysbios_hal_Hwi_HwiProxy_Params__init__S                     
000065c9  ti_sysbios_family_arm_m3_Hwi_disableFxn__E                      
000065c9  ti_sysbios_hal_Hwi_HwiProxy_disable__E                          
000065d9  ti_sysbios_family_arm_m3_TaskSupport_getStackAlignment__E       
000065d9  ti_sysbios_knl_Task_SupportProxy_getStackAlignment__E           
000065e9  ti_sysbios_family_arm_msp432_Timer_getMaxTicks__E               
000065f9  ti_sysbios_gates_GateHwi_enter__E                               
00006605  ti_sysbios_knl_Clock_Params__init__S                            
00006611  ti_sysbios_knl_Queue_Object__get__S                             
0000661d  ti_sysbios_knl_Semaphore_Params__init__S                        
00006629  ti_sysbios_knl_Task_Params__init__S                             
00006639  ti_sysbios_knl_Task_self__E                                     
00006649  ti_sysbios_rts_ti_ReentSupport_taskRegHook__I                   
00006659  xdc_runtime_Gate_enterSystem__E                                 
00006669  xdc_runtime_Startup_rtsDone__E                                  
00006675  ClockP_Params_init                                              
0000667f  UART_read                                                       
00006689  UART_write                                                      
00006693  xdc_runtime_Memory_HeapProxy_alloc__E                           
0000669d  xdc_runtime_Memory_HeapProxy_free__E                            
000066a7  SemaphoreP_Params_init                                          
000066b1  pthread_attr_setstacksize                                       
000066c1  ti_sysbios_family_arm_m3_Hwi_doSwiRestore__I                    
000066c9  ti_sysbios_family_arm_m3_Hwi_startup__E                         
000066c9  ti_sysbios_hal_Hwi_HwiProxy_startup__E                          
000066c9  ti_sysbios_hal_Hwi_startup__E                                   
000066e1  ti_sysbios_family_arm_m3_Hwi_doTaskRestore__I                   
000066e9  HwiP_restore                                                    
000066e9  ti_sysbios_family_arm_m3_Hwi_restoreFxn__E                      
000066e9  ti_sysbios_hal_Hwi_HwiProxy_restore__E                          
000066f1  ti_sysbios_gates_GateHwi_leave__E                               
000066f9  ti_sysbios_heaps_HeapMem_isBlocking__E                          
00006701  ti_sysbios_knl_Clock_stop__E                                    
00006709  ti_sysbios_knl_Queue_Instance_init__E                           
00006711  ti_sysbios_knl_Swi_startup__E                                   
00006719  xdc_runtime_System_Module_startup__E                            
00006721  __aeabi_errno_addr                                              
00006729  ti_sysbios_gates_GateHwi_query__E                               
00006729  xdc_runtime_Main_Module_GateProxy_query__E                      
00006729  xdc_runtime_System_Module_GateProxy_query__E                    
00006731  ti_sysbios_BIOS_RtsGateProxy_query__E                           
00006731  ti_sysbios_gates_GateMutex_query__E                             
00006731  ti_sysbios_heaps_HeapMem_Module_GateProxy_query__E              
00006739  ti_sysbios_knl_Clock_setTimeout__E                              
00006741  ti_sysbios_knl_Task_startup__E                                  
00006749  ti_sysbios_BIOS_linkedWithIncorrectBootLibrary__E               
00006751  ti_sysbios_gates_GateHwi_Instance_init__E                       
00006759  ti_sysbios_knl_Clock_logTick__E                                 
00006761  xdc_runtime_SysCallback_defaultAbort                            
00006769  xdc_runtime_SysCallback_defaultExit                             
00006771  xdc_runtime_System_abortSpin__E                                 
00006779  xdc_runtime_System_exitSpin__E                                  
000068c8  ti_sysbios_knl_Task_Object__PARAMS__C                           
00006904  PowerMSP432_config                                              
0000693c  ti_sysbios_knl_Mailbox_Object__PARAMS__C                        
00006970  ti_sysbios_family_arm_m3_Hwi_Object__PARAMS__C                  
000069a0  UARTMSP432_fxnTable                                             
000069c8  ti_sysbios_heaps_HeapMem_Module__FXNS__C                        
000069f0  UART_defaultParams                                              
00006a14  ti_sysbios_gates_GateHwi_Module__FXNS__C                        
00006a38  ti_sysbios_gates_GateMutex_Module__FXNS__C                      
00006a5c  ti_sysbios_heaps_HeapMem_Object__PARAMS__C                      
00006a80  ti_sysbios_knl_Clock_Object__PARAMS__C                          
00006aa4  ti_sysbios_knl_Semaphore_Object__PARAMS__C                      
00006ac8  xdc_runtime_Startup_sfxnTab__A                                  
00006b0c  ti_sysbios_family_arm_m3_Hwi_Object__DESC__C                    
00006b2c  ti_sysbios_gates_GateHwi_Object__DESC__C                        
00006b4c  ti_sysbios_gates_GateMutex_Object__DESC__C                      
00006b6c  ti_sysbios_heaps_HeapMem_Object__DESC__C                        
00006b8c  ti_sysbios_knl_Clock_Object__DESC__C                            
00006bac  ti_sysbios_knl_Mailbox_Object__DESC__C                          
00006bcc  ti_sysbios_knl_Queue_Object__DESC__C                            
00006bec  ti_sysbios_knl_Semaphore_Object__DESC__C                        
00006c0c  ti_sysbios_knl_Task_Object__DESC__C                             
00006c80  UART_config                                                     
00006c98  ti_sysbios_gates_GateHwi_Object__PARAMS__C                      
00006cb0  ti_sysbios_gates_GateMutex_Object__PARAMS__C                    
00006cc8  ti_sysbios_knl_Queue_Object__PARAMS__C                          
00006ce0  ti_sysbios_knl_Task_hooks__A                                    
00006d10  GPIOMSP432_config                                               
00006d24  xdc_runtime_Startup_sfxnRts__A                                  
00006d36  ti_sysbios_family_arm_m3_Hwi_Module__id__C                      
00006d38  xdc_runtime_Startup_firstFxns__A                                
00006d57  xdc_runtime_Error_policy__C                                     
00006d70  heap0                                                           
00006d74  tiposix_mqGate                                                  
00006d78  ti_sysbios_knl_Idle_funcList__A                                 
00006d80  ti_sysbios_knl_Idle_funcList__C                                 
00006d88  ti_sysbios_knl_Task_hooks__C                                    
00006d90  xdc_runtime_Startup_firstFxns__C                                
00006d98  xdc_runtime_Startup_lastFxns__C                                 
00006dba  ADC_count                                                       
00006dbb  PWM_count                                                       
00006dbc  Timer_count                                                     
00006dbd  UART_count                                                      
00006dbe  ti_sysbios_family_arm_msp432_init_Boot_bypassHFXT__C            
00006dc0  ti_sysbios_family_arm_m3_Hwi_E_alreadyDefined__C                
00006dc4  ti_sysbios_family_arm_m3_Hwi_E_badIntNum__C                     
00006dc8  ti_sysbios_family_arm_m3_Hwi_NUM_INTERRUPTS__C                  
00006dcc  ti_sysbios_family_arm_m3_Hwi_Object__count__C                   
00006dd0  ti_sysbios_family_arm_m3_Hwi_ccr__C                             
00006dd4  ti_sysbios_family_arm_m3_Hwi_excHandlerFunc__C                  
00006dd8  ti_sysbios_family_arm_m3_Hwi_nullIsrFunc__C                     
00006ddc  ti_sysbios_family_arm_m3_Hwi_priGroup__C                        
00006de0  ti_sysbios_family_arm_m3_Hwi_swiDisable__C                      
00006de4  ti_sysbios_family_arm_m3_Hwi_swiRestore__C                      
00006de8  ti_sysbios_family_arm_m3_TaskSupport_stackAlignment__C          
00006dec  ti_sysbios_family_arm_msp432_Timer_numTimerDevices__C           
00006df0  ti_sysbios_family_arm_msp432_Timer_startupNeeded__C             
00006df4  ti_sysbios_gates_GateMutex_Instance_State_sem__O                
00006df8  ti_sysbios_heaps_HeapMem_E_memory__C                            
00006dfc  ti_sysbios_heaps_HeapMem_Module__gateObj__C                     
00006e00  ti_sysbios_heaps_HeapMem_Object__count__C                       
00006e04  ti_sysbios_heaps_HeapMem_primaryHeapBaseAddr__C                 
00006e08  ti_sysbios_heaps_HeapMem_primaryHeapEndAddr__C                  
00006e0c  ti_sysbios_heaps_HeapMem_reqAlign__C                            
00006e10  ti_sysbios_knl_Clock_Module_State_clockQ__O                     
00006e14  ti_sysbios_knl_Clock_tickPeriod__C                              
00006e18  ti_sysbios_knl_Mailbox_Instance_State_dataQue__O                
00006e1c  ti_sysbios_knl_Mailbox_Instance_State_dataSem__O                
00006e20  ti_sysbios_knl_Mailbox_Instance_State_freeQue__O                
00006e24  ti_sysbios_knl_Mailbox_Instance_State_freeSem__O                
00006e28  ti_sysbios_knl_Mailbox_Object__count__C                         
00006e2c  ti_sysbios_knl_Mailbox_maxTypeAlign__C                          
00006e30  ti_sysbios_knl_Semaphore_Instance_State_pendQ__O                
00006e34  ti_sysbios_knl_Swi_Object__count__C                             
00006e38  ti_sysbios_knl_Task_Module_State_inactiveQ__O                   
00006e3c  ti_sysbios_knl_Task_Object__count__C                            
00006e40  ti_sysbios_knl_Task_Object__heap__C                             
00006e44  ti_sysbios_knl_Task_allBlockedFunc__C                           
00006e48  ti_sysbios_knl_Task_defaultStackHeap__C                         
00006e4c  ti_sysbios_knl_Task_defaultStackSize__C                         
00006e50  ti_sysbios_knl_Task_numConstructedTasks__C                      
00006e54  xdc_runtime_Error_E_memory__C                                   
00006e58  xdc_runtime_Error_policyFxn__C                                  
00006e5c  xdc_runtime_IGateProvider_Interface__BASE__C                    
00006e60  xdc_runtime_IHeap_Interface__BASE__C                            
00006e64  xdc_runtime_IModule_Interface__BASE__C                          
00006e68  xdc_runtime_Memory_defaultHeapInstance__C                       
00006e6c  xdc_runtime_Startup_execImpl__C                                 
00006e70  xdc_runtime_Startup_maxPasses__C                                
00006e74  xdc_runtime_Startup_sfxnRts__C                                  
00006e78  xdc_runtime_Startup_sfxnTab__C                                  
00006e7c  xdc_runtime_SysCallback_abortFxn__C                             
00006e80  xdc_runtime_SysCallback_exitFxn__C                              
00006e84  xdc_runtime_System_Module__gateObj__C                           
00006e88  xdc_runtime_System_abortFxn__C                                  
00006e8c  xdc_runtime_System_exitFxn__C                                   
00006e90  xdc_runtime_System_maxAtexitHandlers__C                         
00006e94  ti_sysbios_family_arm_msp432_init_Boot_bypassLFXT__C            
00006e96  ti_sysbios_family_arm_msp432_init_Boot_enableHFXT__C            
00006e98  ti_sysbios_family_arm_msp432_init_Boot_enableLFXT__C            
00006e9a  ti_sysbios_heaps_HeapMem_Module__id__C                          
00006e9c  xdc_runtime_Memory_Module__id__C                                
00006ea0  __TI_static_base__                                              
000070e8  __TI_Handler_Table_Base                                         
000070f4  __TI_Handler_Table_Limit                                        
00007100  __TI_CINIT_Base                                                 
00007110  __TI_CINIT_Limit                                                
00008000  HEAPSIZE                                                        
20000000  __start___llvm_prf_cnts                                         
20000000  __stop___llvm_prf_cnts                                          
20000000  ti_sysbios_family_arm_m3_Hwi_ramVectors                         
20000140  __primary_heap_start__                                          
20008140  PowerMSP432_perfLevels                                          
20008140  __primary_heap_end__                                            
20008308  ti_sysbios_knl_Swi_Module_State_0_readyQ__A                     
20008388  ti_sysbios_knl_Task_Module_State_0_readyQ__A                    
20008408  ti_sysbios_gates_GateMutex_Object__table__V                     
2000845c  ti_sysbios_knl_Task_Object__table__V                            
200084a8  ti_sysbios_family_arm_msp432_Timer_Object__table__V             
200084ec  ti_sysbios_knl_Task_Module__state__V                            
20008530  ti_sysbios_family_arm_m3_Hwi_Module__state__V                   
20008564  ti_sysbios_knl_Swi_Object__table__V                             
20008594  PowerMSP432_module                                              
200085c0  ti_sysbios_knl_Clock_Module__state__V                           
200085ec  ti_sysbios_BIOS_Module__state__V                                
20008610  ti_sysbios_family_arm_msp432_Timer_Module_State_0_device__A     
20008630  xdc_runtime_Error_IgnoreBlock                                   
20008650  states                                                          
2000866c  ti_sysbios_knl_Swi_Module__state__V                             
20008688  ti_sysbios_family_arm_m3_Hwi_Object__table__V                   
200086a0  ti_sysbios_heaps_HeapMem_Object__table__V                       
200086b8  _tz                                                             
200086c8  ti_sysbios_family_arm_msp432_Timer_Module_State_0_handles__A    
200086d8  gpioCallbackFunctions                                           
200086e4  gpioPinConfigs                                                  
200086f0  ti_sysbios_family_arm_msp432_ClockFreqs_Module__state__V        
200086fc  ti_sysbios_family_arm_msp432_Timer_Module__state__V             
20008708  _lock                                                           
2000870c  _unlock                                                         
20008710  bcmq_lat                                                        
20008718  exec_lat_rem                                                    
20008720  ti_sysbios_family_arm_m3_Hwi_Module__root__V                    
20008728  ti_sysbios_gates_GateHwi_Module__root__V                        
20008730  ti_sysbios_gates_GateMutex_Module__root__V                      
20008738  ti_sysbios_heaps_HeapMem_Module__root__V                        
20008740  ti_sysbios_knl_Clock_Module__root__V                            
20008748  ti_sysbios_knl_Mailbox_Module__root__V                          
20008750  ti_sysbios_knl_Queue_Module__root__V                            
20008758  ti_sysbios_knl_Semaphore_Module__root__V                        
20008760  ti_sysbios_knl_Task_Module__root__V                             
20008768  str_ready                                                       
2000876c  in_str_len                                                      
20008770  xdc_runtime_Startup_Module__state__V                            
20008778  xdc_runtime_System_Module_State_0_atexitHandlers__A             
20008780  xdc_runtime_System_Module__state__V                             
20008788  main_func_sp                                                    
2000878c  ti_sysbios_family_arm_m3_Hwi_Module_State_0_excContext__A       
20008790  ti_sysbios_family_arm_m3_Hwi_Module_State_0_excStack__A         
20008794  ti_sysbios_gates_GateHwi_Object__table__V                       
20008798  ti_sysbios_knl_Task_Module_State_0_idleTask__A                  
2000879c  ti_sysbios_rts_ti_ReentSupport_Module__state__V                 
200087a0  xdc_runtime_Memory_Module__state__V                             
200087a6  ti_sysbios_family_arm_m3_Hwi_Module_State_0_excActive__A        
200087b0  ti_sysbios_knl_Task_Instance_State_0_stack__A                   
200089b0  ti_sysbios_family_arm_m3_Hwi_dispatchTable                      
20008af0  uartMSP432Objects                                               
20008bf0  bc_r_buf                                                        
20008ccc  exec_lat                                                        
20008cd8  ClockP_tickPeriod                                               
20008cdc  bc_r_thr_handler                                                
20008ce0  bc_w_thr_handler                                                
20008ce4  bcmq_exec                                                       
20008ce8  exec_thr_handler                                                
20008cec  ow_handle                                                       
20008cf0  ti_sysbios_knl_Task_Instance_State_0_hookEnv__A                 
20008cf4  uart_handle                                                     
2000fc00  __stack                                                         
20010000  __STACK_END                                                     
4000480c  WDTCTL_SYM                                                      
e000e000  ti_sysbios_family_arm_m3_Hwi_nvic                               
ffffffff  __TI_pprof_out_hndl                                             
ffffffff  __TI_prof_data_size                                             
ffffffff  __TI_prof_data_start                                            
ffffffff  __binit__                                                       
ffffffff  __c_args__                                                      
ffffffff  binit                                                           
UNDEFED   SHT$$INIT_ARRAY$$Base                                           
UNDEFED   SHT$$INIT_ARRAY$$Limit                                          

[588 symbols]
