******************************************************************************
                  TI ARM Linker PC v20.2.5                     
******************************************************************************
>> Linked Sun Feb 13 13:06:32 2022

OUTPUT FILE NAME:   <outofbox_msp432p401r_MSP_EXP432P401R_tirtos_ccs.out>
ENTRY POINT SYMBOL: "_c_int00"  address: 00005259


MEMORY CONFIGURATION

         name            origin    length      used     unused   attr    fill
----------------------  --------  ---------  --------  --------  ----  --------
  MAIN                  00000000   00040000  000081d0  00037e30  R  X
  INFO                  00200000   00004000  00000000  00004000  R  X
  SRAM_CODE             01000000   00010000  0000923f  00006dc1  RW X
  SRAM_DATA             20000000   00010000  0000923f  00006dc1  RW  


SEGMENT ALLOCATION MAP

run origin  load origin   length   init length attrs members
----------  ----------- ---------- ----------- ----- -------
00000000    00000000    000081d8   000081d8    r-x
  00000000    00000000    0000003c   0000003c    r-- .resetVecs
  00000040    00000040    000077e2   000077e2    r-x .text
  00007824    00007824    0000074a   0000074a    r-- .const
  00007f70    00007f70    00000268   00000268    r-- .cinit
20000140    20000140    00008000   00000000    r--
  20000140    20000140    00008000   00000000    r-- .priheap
20008140    20008140    00000d01   00000000    rw-
  20008140    20008140    0000077e   00000000    rw- .data
  200088c0    200088c0    00000581   00000000    rw- .bss
2000fc00    2000fc00    00000400   00000000    rw-
  2000fc00    2000fc00    00000400   00000000    rw- .stack


SECTION ALLOCATION MAP

 output                                  attributes/
section   page    origin      length       input sections
--------  ----  ----------  ----------   ----------------
.text      0    00000040    000077e2     
                  00000040    000002f8     drivers_msp432p401x.aem4f : PowerMSP432.oem4f (.text:Power_sleep)
                  00000338    000002d0                               : UARTMSP432.oem4f (.text:UARTMSP432_open)
                  00000608    000002b8     led_thread.obj (.text:ledThread)
                  000008c0    0000028a     msp432p4xx_driverlib.lib : pcm.o (.text:__PCM_setPowerStateAdvanced)
                  00000b4a    00000002     ti_drivers_config.obj (.text:Board_initHook)
                  00000b4c    00000288     drivers_msp432p401x.aem4f : PowerMSP432.oem4f (.text:initPerfControl)
                  00000dd4    00000278     uart_thread.obj (.text:uartThread)
                  0000104c    00000208     drivers_msp432p401x.aem4f : PWMTimerMSP432.oem4f (.text:PWMTimerMSP432_open)
                  00001254    00000004     msp432p4xx_driverlib.lib : cpu.o (.text:CPU_wfi)
                  00001258    000001b0     sysbios.aem4f : BIOS.obj (.text:mq_open)
                  00001408    00000170     drivers_msp432p401x.aem4f : GPIOMSP432.oem4f (.text:GPIO_setConfig)
                  00001578    0000015c     msp432p4xx_driverlib.lib : pcm.o (.text:__PCM_setPowerModeAdvanced)
                  000016d4    0000015c     led_thread.obj (.text:changeLedColor)
                  00001830    0000014c     drivers_msp432p401x.aem4f : TimerMSP432.oem4f (.text:TimerMSP432_open)
                  0000197c    00000004     dpl_msp432p401x.aem4f : ClockP_tirtos.oem4f (.text:ClockP_setTimeout)
                  00001980    00000130     sysbios.aem4f : BIOS.obj (.text:ti_sysbios_knl_Semaphore_pend__E)
                  00001ab0    0000011c     msp432p4xx_driverlib.lib : uart.o (.text:UART_initModule)
                  00001bcc    00000114     drivers_msp432p401x.aem4f : PWMTimerMSP432.oem4f (.text:PWMTimerMSP432_setPeriod)
                  00001ce0    00000108     msp432p4xx_driverlib.lib : pcm.o (.text:__PCM_setCoreVoltageLevelAdvanced)
                  00001de8    00000108     sysbios.aem4f : BIOS.obj (.text:ti_sysbios_knl_Task_postInit__I)
                  00001ef0    00000108                   : BIOS.obj (.text:xdc_runtime_Startup_startMods__I)
                  00001ff8    00000104                   : BIOS.obj (.text:ti_sysbios_knl_Task_Instance_finalize__E)
                  000020fc    00000004     dpl_msp432p401x.aem4f : ClockP_tirtos.oem4f (.text:ClockP_start)
                  00002100    000000f8     sysbios.aem4f : BIOS.obj (.text:ti_sysbios_family_arm_msp432_init_Boot_configureClocksHigh)
                  000021f8    000000f0                   : BIOS.obj (.text:pthread_create)
                  000022e8    000000f0                   : m3_Hwi_asm.obj (.text:ti_sysbios_family_arm_m3_Hwi_dispatch__I)
                  000023d8    000000e4     msp432p4xx_driverlib.lib : cs.o (.text:CS_startHFXTWithTimeout)
                  000024bc    000000e4     main_tirtos.obj (.text:main)
                  000025a0    000000e0     msp432p4xx_driverlib.lib : cs.o (.text:CS_startLFXTWithTimeout)
                  00002680    000000e0     sysbios.aem4f : BIOS.obj (.text:ti_sysbios_knl_Task_Instance_init__E)
                  00002760    000000dc     drivers_msp432p401x.aem4f : UARTMSP432.oem4f (.text:UARTMSP432_readPolling)
                  0000283c    000000dc     msp432p4xx_driverlib.lib : cs.o (.text:_CSGetHFXTFrequency)
                  00002918    000000dc     callbacks.obj (.text:gpioButton0_Callback)
                  000029f4    00000004     dpl_msp432p401x.aem4f : ClockP_tirtos.oem4f (.text:ClockP_stop)
                  000029f8    000000d8     sysbios.aem4f : BIOS.obj (.text:ti_sysbios_knl_Mailbox_Instance_init__E)
                  00002ad0    000000d0                   : BIOS.obj (.text:ti_sysbios_heaps_HeapMem_alloc__E)
                  00002ba0    000000ca     drivers_msp432p401x.aem4f : UARTMSP432.oem4f (.text:UARTMSP432_hwiIntFxn)
                  00002c6a    00000002                               : PWMTimerMSP432.oem4f (.text:PWMTimerMSP432_init)
                  00002c6c    000000c8                               : TimerMSP432.oem4f (.text:TimerMSP432_start)
                  00002d34    000000bc                               : TimerMSP432.oem4f (.text:TimerMSP432_setPeriod)
                  00002df0    000000b8                               : UARTMSP432.oem4f (.text:initHw)
                  00002ea8    000000b8                               : UARTMSP432.oem4f (.text:readTaskCallback)
                  00002f60    000000b8     sysbios.aem4f : BIOS.obj (.text:ti_sysbios_family_arm_m3_Hwi_Instance_init__E)
                  00003018    000000b4     drivers_msp432p401x.aem4f : UARTMSP432.oem4f (.text:UARTMSP432_control)
                  000030cc    000000b4                               : UARTMSP432.oem4f (.text:UARTMSP432_writePolling)
                  00003180    000000ac                               : GPIOMSP432.oem4f (.text:GPIO_init)
                  0000322c    00000004     dpl_msp432p401x.aem4f : HwiP_tirtos.oem4f (.text:HwiP_disable)
                  00003230    000000aa     sysbios.aem4f : BIOS.obj (.text:xdc_runtime_Core_createObject__I)
                  000032da    000000a8     drivers_msp432p401x.aem4f : UARTMSP432.oem4f (.text:UARTMSP432_write)
                  00003382    000000a8                               : UARTMSP432.oem4f (.text:readTaskBlocking)
                  0000342a    00000006                               : PWMTimerMSP432.oem4f (.text:PWMTimerMSP432_control)
                  00003430    000000a8     sysbios.aem4f : BIOS.obj (.text:ti_sysbios_family_arm_msp432_Timer_periodicStub__E)
                  000034d8    000000a4     drivers_msp432p401x.aem4f : PWMTimerMSP432.oem4f (.text:PWMTimerMSP432_stop)
                  0000357c    000000a4                               : TimerMSP432.oem4f (.text:initTimerHardware)
                  00003620    000000a4     sysbios.aem4f : BIOS.obj (.text:ti_sysbios_knl_Task_setPri__E)
                  000036c4    000000a0     auto_init.aem4f : auto_init.oem4f (.text)
                  00003764    000000a0     drivers_msp432p401x.aem4f : UARTMSP432.oem4f (.text:readIsrTextCallback)
                  00003804    0000009c                               : PowerMSP432.oem4f (.text:Power_init)
                  000038a0    0000009c     rtsv7M4_T_le_v4SPD16_eabi.lib : memcpy_t2.asm.obj (.text)
                  0000393c    0000009c     drivers_msp432p401x.aem4f : TimerMSP432.oem4f (.text:setT32TickCount)
                  000039d8    0000009c                               : TimerMSP432.oem4f (.text:setTATickCount)
                  00003a74    00000096     rtsv7M4_T_le_v4SPD16_eabi.lib : ull_div_t2.asm.obj (.text)
                  00003b0a    00000002     dpl_msp432p401x.aem4f : PowerMSP432_tirtos.oem4f (.text:PowerMSP432_initPolicy)
                  00003b0c    00000094     drivers_msp432p401x.aem4f : PWMTimerMSP432.oem4f (.text:PWMTimerMSP432_setDuty)
                  00003ba0    00000094     sysbios.aem4f : BIOS.obj (.text:_pthread_removeThreadKeys)
                  00003c34    00000004     dpl_msp432p401x.aem4f : SemaphoreP_tirtos.oem4f (.text:SemaphoreP_post)
                  00003c38    00000094     sysbios.aem4f : BIOS.obj (.text:ti_sysbios_family_arm_m3_Hwi_initNVIC__E)
                  00003ccc    00000004     release_pem4f.oem4f (.text:ti_sysbios_BIOS_RtsGateProxy_enter__E)
                  00003cd0    00000094     sysbios.aem4f : BIOS.obj (.text:ti_sysbios_knl_Task_exit__E)
                  00003d64    00000092     drivers_msp432p401x.aem4f : UARTMSP432.oem4f (.text:UARTMSP432_close)
                  00003df6    00000092                               : UARTMSP432.oem4f (.text:writeData)
                  00003e88    00000090     sysbios.aem4f : BIOS.obj (.text:ti_sysbios_knl_Task_Module_startup__E)
                  00003f18    0000008c     drivers_msp432p401x.aem4f : TimerMSP432.oem4f (.text:TimerMSP432_stop)
                  00003fa4    0000008c                               : UARTMSP432.oem4f (.text:readIsrTextBlocking)
                  00004030    0000008c     sysbios.aem4f : m3_TaskSupport_asm.obj (.text:ti_sysbios_family_arm_m3_TaskSupport_buildTaskStack)
                  000040bc    00000004     release_pem4f.oem4f (.text:ti_sysbios_BIOS_RtsGateProxy_leave__E)
                  000040c0    0000008c     sysbios.aem4f : BIOS.obj (.text:xdc_runtime_Memory_alloc__E)
                  0000414c    00000088     drivers_msp432p401x.aem4f : PWMTimerMSP432.oem4f (.text:PWMTimerMSP432_close)
                  000041d4    00000004     release_pem4f.oem4f (.text:ti_sysbios_family_arm_m3_Hwi_delete)
                  000041d8    00000088     sysbios.aem4f : BIOS.obj (.text:ti_sysbios_knl_Mailbox_post__E)
                  00004260    00000086                   : BIOS.obj (.text:xdc_runtime_Core_constructObject__I)
                  000042e6    00000002     drivers_msp432p401x.aem4f : TimerMSP432.oem4f (.text:TimerMSP432_init)
                  000042e8    00000084     msp432p4xx_driverlib.lib : pcm.o (.text:PCM_gotoLPM3)
                  0000436c    00000084     drivers_msp432p401x.aem4f : PWMTimerMSP432.oem4f (.text:PWMTimerMSP432_start)
                  000043f0    00000084                               : PowerMSP432.oem4f (.text:restartHFXT)
                  00004474    00000004     release_pem4f.oem4f (.text:ti_sysbios_family_arm_m3_TaskSupport_Module__startupDone__S)
                  00004478    00000084     sysbios.aem4f : BIOS.obj (.text:ti_sysbios_family_arm_m3_Hwi_postInit__I)
                  000044fc    00000004     release_pem4f.oem4f (.text:ti_sysbios_heaps_HeapMem_Module_GateProxy_enter__E)
                  00004500    00000084     sysbios.aem4f : BIOS.obj (.text:ti_sysbios_heaps_HeapMem_free__E)
                  00004584    00000004     release_pem4f.oem4f (.text:ti_sysbios_heaps_HeapMem_Module_GateProxy_leave__E)
                  00004588    00000080     sysbios.aem4f : BIOS.obj (.text:ti_sysbios_knl_Clock_workFunc__E)
                  00004608    0000007c     drivers_msp432p401x.aem4f : PWMTimerMSP432.oem4f (.text:setConstraints)
                  00004684    0000007a     rtsv7M4_T_le_v4SPD16_eabi.lib : memset_t2.asm.obj (.text)
                  000046fe    00000002     drivers_msp432p401x.aem4f : UARTMSP432.oem4f (.text:UARTMSP432_init)
                  00004700    00000078                               : TimerMSP432.oem4f (.text:TimerMSP432_allocateTimerResource)
                  00004778    00000074     sysbios.aem4f : BIOS.obj (.text:ti_sysbios_knl_Mailbox_pend__E)
                  000047ec    00000070     drivers_msp432p401x.aem4f : UARTMSP432.oem4f (.text:UARTMSP432_writeCancel)
                  0000485c    00000070     led_thread.obj (.text:calculateNewTogglePeriod)
                  000048cc    00000070     led_thread.obj (.text:changeLedTogglePeriod)
                  0000493c    00000004     release_pem4f.oem4f (.text:ti_sysbios_knl_Clock_TimerProxy_getMaxTicks__E)
                  00004940    00000070     sysbios.aem4f : BIOS.obj (.text:ti_sysbios_heaps_HeapMem_initPrimary__I)
                  000049b0    00000070                   : BIOS.obj (.text:ti_sysbios_knl_Mailbox_Instance_finalize__E)
                  00004a20    0000006c                   : BIOS.obj (.text:ti_sysbios_knl_Swi_restoreHwi__E)
                  00004a8c    0000006a     drivers_msp432p401x.aem4f : PWMTimerMSP432.oem4f (.text:perfChangeNotifyFxn)
                  00004af6    00000002     rtsv7M4_T_le_v4SPD16_eabi.lib : _lock.c.obj (.text:_nop)
                  00004af8    00000068     drivers_msp432p401x.aem4f : GPIOMSP432.oem4f (.text:GPIO_hwiIntFxn)
                  00004b60    00000068                               : PowerMSP432.oem4f (.text:PowerMSP432_getFreqs)
                  00004bc8    00000068     callbacks.obj (.text:debounceGPIO)
                  00004c30    00000068     callbacks.obj (.text:debounceTimer_Callback)
                  00004c98    00000068     rtsv7M4_T_le_v4SPD16_eabi.lib : copy_decompress_lzss.c.obj (.text:decompress:lzss:__TI_decompress_lzss)
                  00004d00    00000068     drivers_msp432p401x.aem4f : PWMTimerMSP432.oem4f (.text:initHw)
                  00004d68    00000066     sysbios.aem4f : BIOS.obj (.text:xdc_runtime_Core_deleteObject__I)
                  00004dce    00000002     rtsv7M4_T_le_v4SPD16_eabi.lib : div0.asm.obj (.text)
                  00004dd0    00000064     callbacks.obj (.text:gpioButton1_Callback)
                  00004e34    00000004     release_pem4f.oem4f (.text:ti_sysbios_knl_Clock_delete)
                  00004e38    00000064     sysbios.aem4f : BIOS.obj (.text:pthread_exit)
                  00004e9c    00000004     release_pem4f.oem4f (.text:ti_sysbios_knl_Semaphore_delete)
                  00004ea0    00000064     sysbios.aem4f : BIOS.obj (.text:ti_sysbios_family_arm_m3_Hwi_dispatchC__I)
                  00004f04    00000060     drivers_msp432p401x.aem4f : GPIOMSP432.oem4f (.text:GPIO_setCallback)
                  00004f64    00000004     release_pem4f.oem4f (.text:ti_sysbios_knl_Task_delete)
                  00004f68    00000060     sysbios.aem4f : BIOS.obj (.text:ti_sysbios_knl_Semaphore_post__E)
                  00004fc8    00000060                   : BIOS.obj (.text:ti_sysbios_knl_Swi_run__I)
                  00005028    0000005e     msp432p4xx_driverlib.lib : pcm.o (.text:PCM_getCoreVoltageLevel)
                  00005086    00000002     release_pem4f.oem4f (.text:ti_sysbios_BIOS_nullFunc__I)
                  00005088    0000005c     sysbios.aem4f : BIOS.obj (.text:ti_sysbios_knl_Swi_schedule__I)
                  000050e4    00000004     release_pem4f.oem4f (.text:xdc_runtime_System_Module_GateProxy_enter__E)
                  000050e8    0000005c     sysbios.aem4f : BIOS.obj (.text:ti_sysbios_knl_Task_startCore__E)
                  00005144    00000004     release_pem4f.oem4f (.text:xdc_runtime_System_Module_GateProxy_leave__E)
                  00005148    0000005c     sysbios.aem4f : BIOS.obj (.text:xdc_runtime_Startup_exec__E)
                  000051a4    0000005a     msp432p4xx_driverlib.lib : pcm.o (.text:PCM_getPowerMode)
                  000051fe    00000002     --HOLE-- [fill = 0]
                  00005200    00000058     drivers_msp432p401x.aem4f : GPIOMSP432.oem4f (.text:GPIO_write)
                  00005258    00000058     boot.aem4f : boot.oem4f (.text)
                  000052b0    00000058     drivers_msp432p401x.aem4f : UARTMSP432.oem4f (.text:readIsrBinaryBlocking)
                  00005308    00000058     sysbios.aem4f : m3_Hwi_asm_switch.obj (.text:ti_sysbios_family_arm_m3_Hwi_initStacks__E)
                  00005360    00000054     msp432p4xx_driverlib.lib : pcm.o (.text:PCM_shutdownDevice)
                  000053b4    00000054     drivers_msp432p401x.aem4f : TimerMSP432.oem4f (.text:TimerMSP432_freeTimerResource)
                  00005408    00000054     release_pem4f.oem4f (.text:ti_sysbios_family_arm_m3_Hwi_create)
                  0000545c    00000004     --HOLE-- [fill = 0]
                  00005460    00000054     sysbios.aem4f : BIOS.obj (.text:ti_sysbios_family_arm_msp432_Timer_initDevice__I)
                  000054b4    00000054     release_pem4f.oem4f (.text:ti_sysbios_knl_Mailbox_create)
                  00005508    00000050     dpl_msp432p401x.aem4f : ClockP_tirtos.oem4f (.text:ClockP_create)
                  00005558    00000050     drivers_msp432p401x.aem4f : TimerMSP432.oem4f (.text:TimerMSP432_hwiIntFunction)
                  000055a8    00000050     sysbios.aem4f : BIOS.obj (.text:mq_send)
                  000055f8    00000050                   : BIOS.obj (.text:ti_sysbios_family_arm_m3_Hwi_Module_startup__E)
                  00005648    00000050     release_pem4f.oem4f (.text:ti_sysbios_knl_Task_create)
                  00005698    0000004e     drivers_msp432p401x.aem4f : TimerMSP432.oem4f (.text:TimerMSP432_close)
                  000056e6    00000002     --HOLE-- [fill = 0]
                  000056e8    0000004c     dpl_msp432p401x.aem4f : PowerMSP432_tirtos.oem4f (.text:PowerMSP432_sleepPolicy)
                  00005734    0000004c     rtsv7M4_T_le_v4SPD16_eabi.lib : cpy_tbl.c.obj (.text:copy_in)
                  00005780    0000004c     drivers_msp432p401x.aem4f : UARTMSP432.oem4f (.text:readIsrBinaryCallback)
                  000057cc    0000004c     led_thread.obj (.text:setState)
                  00005818    0000004c     sysbios.aem4f : BIOS.obj (.text:ti_sysbios_family_arm_msp432_Timer_postInit__I)
                  00005864    00000004     --HOLE-- [fill = 0]
                  00005868    0000004c                   : BIOS.obj (.text:ti_sysbios_family_arm_msp432_Timer_start__E)
                  000058b4    00000004     --HOLE-- [fill = 0]
                  000058b8    0000004c                   : BIOS.obj (.text:ti_sysbios_heaps_HeapMem_getStats__E)
                  00005904    00000004     --HOLE-- [fill = 0]
                  00005908    0000004c                   : BIOS.obj (.text:ti_sysbios_knl_Swi_runLoop__I)
                  00005954    00000004     --HOLE-- [fill = 0]
                  00005958    0000004c                   : BIOS.obj (.text:ti_sysbios_knl_Task_allBlockedFunction__I)
                  000059a4    00000004     --HOLE-- [fill = 0]
                  000059a8    0000004c                   : BIOS.obj (.text:ti_sysbios_knl_Task_schedule__I)
                  000059f4    00000048     drivers_msp432p401x.aem4f : PowerMSP432.oem4f (.text:Power_releaseConstraint)
                  00005a3c    00000004     --HOLE-- [fill = 0]
                  00005a40    00000048     sysbios.aem4f : BIOS.obj (.text:ti_sysbios_family_arm_m3_Hwi_disableInterrupt__E)
                  00005a88    00000048                   : BIOS.obj (.text:ti_sysbios_family_arm_m3_Hwi_enableInterrupt__E)
                  00005ad0    00000048                   : BIOS.obj (.text:ti_sysbios_knl_Mailbox_Module_startup__E)
                  00005b18    00000048                   : BIOS.obj (.text:xdc_runtime_Core_assignParams__I)
                  00005b60    00000046     drivers_msp432p401x.aem4f : RingBuf.oem4f (.text:RingBuf_put)
                  00005ba6    00000002     --HOLE-- [fill = 0]
                  00005ba8    00000044                               : PWM.oem4f (.text:PWM_init)
                  00005bec    00000044                               : Timer.oem4f (.text:Timer_init)
                  00005c30    00000044                               : UART.oem4f (.text:UART_init)
                  00005c74    00000004     --HOLE-- [fill = 0]
                  00005c78    00000044     sysbios.aem4f : BIOS.obj (.text:ti_sysbios_family_arm_m3_Hwi_getStackInfo__E)
                  00005cbc    00000004     --HOLE-- [fill = 0]
                  00005cc0    00000044                   : BIOS.obj (.text:ti_sysbios_knl_Swi_post__E)
                  00005d04    00000040     dpl_msp432p401x.aem4f : HwiP_tirtos.oem4f (.text:HwiP_create)
                  00005d44    00000040     drivers_msp432p401x.aem4f : PWM.oem4f (.text:PWM_open)
                  00005d84    00000040                               : RingBuf.oem4f (.text:RingBuf_get)
                  00005dc4    00000040                               : Timer.oem4f (.text:Timer_open)
                  00005e04    00000040                               : UARTMSP432.oem4f (.text:UARTMSP432_read)
                  00005e44    00000040                               : UART.oem4f (.text:UART_open)
                  00005e84    00000040                               : PWMTimerMSP432.oem4f (.text:getDutyCounts)
                  00005ec4    00000040                               : PWMTimerMSP432.oem4f (.text:getPeriodCounts)
                  00005f04    00000004     --HOLE-- [fill = 0]
                  00005f08    00000040     sysbios.aem4f : BIOS.obj (.text:mq_receive)
                  00005f48    00000040     drivers_msp432p401x.aem4f : UARTMSP432.oem4f (.text:perfChangeNotifyFxn)
                  00005f88    00000040     sysbios.aem4f : BIOS.obj (.text:ti_sysbios_family_arm_msp432_Timer_Module_startup__E)
                  00005fc8    00000040                   : BIOS.obj (.text:ti_sysbios_family_arm_msp432_Timer_startup__E)
                  00006008    00000040                   : BIOS.obj (.text:ti_sysbios_heaps_HeapMem_Instance_init__E)
                  00006048    00000040                   : BIOS.obj (.text:ti_sysbios_knl_Clock_Instance_init__E)
                  00006088    0000003c     dpl_msp432p401x.aem4f : SemaphoreP_tirtos.oem4f (.text:SemaphoreP_create)
                  000060c4    0000003c     callbacks.obj (.text:blinkTimer_Callback)
                  00006100    0000003c     sysbios.aem4f : BIOS.obj (.text:ti_sysbios_family_arm_m3_Hwi_Instance_finalize__E)
                  0000613c    00000004     --HOLE-- [fill = 0]
                  00006140    0000003c                   : BIOS.obj (.text:ti_sysbios_family_arm_msp432_Seconds_Module_startup__E)
                  0000617c    0000003c     release_pem4f.oem4f (.text:ti_sysbios_knl_Clock_create)
                  000061b8    0000003c     sysbios.aem4f : BIOS.obj (.text:ti_sysbios_knl_Swi_restore__E)
                  000061f4    00000038     drivers_msp432p401x.aem4f : PowerMSP432.oem4f (.text:Power_setConstraint)
                  0000622c    00000038                               : TimerMSP432.oem4f (.text:TimerMSP432_getCount)
                  00006264    00000038                               : PowerMSP432.oem4f (.text:notify)
                  0000629c    00000004     --HOLE-- [fill = 0]
                  000062a0    00000038     sysbios.aem4f : BIOS.obj (.text:xdc_runtime_System_atexit__E)
                  000062d8    00000036     drivers_msp432p401x.aem4f : UARTMSP432.oem4f (.text:UARTMSP432_readCancel)
                  0000630e    00000002     --HOLE-- [fill = 0]
                  00006310    00000034                               : GPIOMSP432.oem4f (.text:GPIO_clearInt)
                  00006344    00000034                               : GPIOMSP432.oem4f (.text:GPIO_disableInt)
                  00006378    00000034                               : GPIOMSP432.oem4f (.text:GPIO_enableInt)
                  000063ac    00000034     rtsv7M4_T_le_v4SPD16_eabi.lib : rand.c.obj (.text:rand)
                  000063e0    00000034     release_pem4f.oem4f (.text:ti_sysbios_knl_Semaphore_create)
                  00006414    00000004     --HOLE-- [fill = 0]
                  00006418    00000032     sysbios.aem4f : BIOS.obj (.text:ti_sysbios_hal_Hwi_initStack)
                  0000644a    00000006     drivers_msp432p401x.aem4f : PWMTimerMSP432.oem4f (.text:PWMTimerMSP432_setDutyAndPeriod)
                  00006450    00000030     sysbios.aem4f : BIOS.obj (.text:findInList$42)
                  00006480    00000030     drivers_msp432p401x.aem4f : PWMTimerMSP432.oem4f (.text:mapPin)
                  000064b0    00000030                               : UARTMSP432.oem4f (.text:mapPin)
                  000064e0    00000030     release_pem4f.oem4f (.text:ti_sysbios_BIOS_atExitFunc__I)
                  00006510    00000030     release_pem4f.oem4f (.text:ti_sysbios_BIOS_startFunc__I)
                  00006540    00000030     sysbios.aem4f : BIOS.obj (.text:ti_sysbios_family_arm_m3_TaskSupport_start__E)
                  00006570    00000030     release_pem4f.oem4f (.text:ti_sysbios_gates_GateHwi_Object__create__S)
                  000065a0    00000030     release_pem4f.oem4f (.text:ti_sysbios_gates_GateMutex_Object__create__S)
                  000065d0    00000030     sysbios.aem4f : BIOS.obj (.text:ti_sysbios_gates_GateMutex_enter__E)
                  00006600    00000030     release_pem4f.oem4f (.text:ti_sysbios_heaps_HeapMem_Object__create__S)
                  00006630    00000030     sysbios.aem4f : BIOS.obj (.text:ti_sysbios_knl_Mailbox_postInit__I)
                  00006660    00000030     release_pem4f.oem4f (.text:ti_sysbios_knl_Semaphore_construct)
                  00006690    00000030     sysbios.aem4f : BIOS.obj (.text:ti_sysbios_knl_Semaphore_pendTimeout__I)
                  000066c0    00000030                   : BIOS.obj (.text:ti_sysbios_knl_Task_processVitalTaskFlag__I)
                  000066f0    00000030                   : BIOS.obj (.text:ti_sysbios_knl_Task_restore__E)
                  00006720    00000030                   : BIOS.obj (.text:ti_sysbios_knl_Task_unblockI__E)
                  00006750    00000030                   : BIOS.obj (.text:xdc_runtime_System_processAtExit__E)
                  00006780    0000002e                   : BIOS.obj (.text:pthread_setcancelstate)
                  000067ae    0000002c     dpl_msp432p401x.aem4f : PowerMSP432_tirtos.oem4f (.text:PowerMSP432_updateFreqs)
                  000067da    00000002     --HOLE-- [fill = 0]
                  000067dc    0000002c     msp432p4xx_driverlib.lib : rtc_c.o (.text:RTC_C_holdClock)
                  00006808    0000002c     dpl_msp432p401x.aem4f : SemaphoreP_tirtos.oem4f (.text:SemaphoreP_createBinary)
                  00006834    00000004     --HOLE-- [fill = 0]
                  00006838    0000002c     sysbios.aem4f : BIOS.obj (.text:_pthread_cleanupFxn)
                  00006864    00000004     --HOLE-- [fill = 0]
                  00006868    0000002c                   : BIOS.obj (.text:_pthread_delete$43)
                  00006894    0000002c     drivers_msp432p401x.aem4f : TimerMSP432.oem4f (.text:perfChangeNotifyFxn)
                  000068c0    0000002c     release_pem4f.oem4f (.text:ti_sysbios_gates_GateHwi_Handle__label__S)
                  000068ec    0000002c     release_pem4f.oem4f (.text:ti_sysbios_gates_GateMutex_Handle__label__S)
                  00006918    0000002c     release_pem4f.oem4f (.text:ti_sysbios_heaps_HeapMem_Handle__label__S)
                  00006944    0000002c     release_pem4f.oem4f (.text:ti_sysbios_knl_Clock_doTick__I)
                  00006970    0000002c     release_pem4f.oem4f (.text:ti_sysbios_knl_Queue_construct)
                  0000699c    00000004     --HOLE-- [fill = 0]
                  000069a0    0000002a     sysbios.aem4f : BIOS.obj (.text:sem_init)
                  000069ca    00000002     --HOLE-- [fill = 0]
                  000069cc    00000028     msp432p4xx_driverlib.lib : pcm.o (.text:PCM_gotoLPM0)
                  000069f4    00000028     drivers_msp432p401x.aem4f : PowerMSP432.oem4f (.text:Power_registerNotify)
                  00006a1c    00000028                               : PowerMSP432.oem4f (.text:disableFaultCounter)
                  00006a44    00000028                               : PowerMSP432.oem4f (.text:disableHFXT)
                  00006a6c    00000028                               : UARTMSP432.oem4f (.text:findBaudDividerIndex)
                  00006a94    00000028     callbacks.obj (.text:intervalTimer_Callback)
                  00006abc    00000028     sysbios.aem4f : m3_Hwi_asm.obj (.text:ti_sysbios_family_arm_m3_Hwi_excHandlerAsm__I)
                  00006ae4    00000004     --HOLE-- [fill = 0]
                  00006ae8    00000028                   : BIOS.obj (.text:ti_sysbios_knl_Clock_addI__E)
                  00006b10    00000028                   : BIOS.obj (.text:ti_sysbios_knl_Swi_Module_startup__E)
                  00006b38    00000026     drivers_msp432p401x.aem4f : List.oem4f (.text:List_put)
                  00006b5e    00000026                               : List.oem4f (.text:List_remove)
                  00006b84    00000026                               : PWMTimerMSP432.oem4f (.text:releaseConstraints)
                  00006baa    00000026     sysbios.aem4f : m3_Hwi_asm.obj (.text:ti_sysbios_family_arm_m3_Hwi_pendSV__I)
                  00006bd0    00000024     msp432p4xx_driverlib.lib : wdt_a.o (.text:WDT_A_holdTimer)
                  00006bf4    00000004     --HOLE-- [fill = 0]
                  00006bf8    00000024     sysbios.aem4f : BIOS.obj (.text:pthread_attr_init)
                  00006c1c    00000024     rtsv7M4_T_le_v4SPD16_eabi.lib : rand.c.obj (.text:srand)
                  00006c40    00000024     release_pem4f.oem4f (.text:ti_sysbios_BIOS_registerRTSLock__I)
                  00006c64    00000024     release_pem4f.oem4f (.text:ti_sysbios_BIOS_removeRTSLock__I)
                  00006c88    00000024     sysbios.aem4f : BIOS.obj (.text:ti_sysbios_family_arm_msp432_ClockFreqs_setFrequency__E)
                  00006cac    00000024     release_pem4f.oem4f (.text:ti_sysbios_gates_GateMutex_Object__delete__S)
                  00006cd0    00000024     sysbios.aem4f : BIOS.obj (.text:ti_sysbios_knl_Clock_Module_startup__E)
                  00006cf4    00000024     release_pem4f.oem4f (.text:ti_sysbios_knl_Clock_Object__delete__S)
                  00006d18    00000024     sysbios.aem4f : BIOS.obj (.text:ti_sysbios_knl_Clock_start__E)
                  00006d3c    00000004     --HOLE-- [fill = 0]
                  00006d40    00000024                   : BIOS.obj (.text:ti_sysbios_knl_Semaphore_Instance_init__E)
                  00006d64    00000024     release_pem4f.oem4f (.text:ti_sysbios_knl_Semaphore_Object__delete__S)
                  00006d88    00000024     sysbios.aem4f : BIOS.obj (.text:ti_sysbios_knl_Task_restoreHwi__E)
                  00006dac    00000004     --HOLE-- [fill = 0]
                  00006db0    00000024                   : BIOS.obj (.text:xdc_runtime_Error_policyMin__E)
                  00006dd4    00000020     msp432p4xx_driverlib.lib : cs.o (.text:CS_setExternalClockSourceFrequency)
                  00006df4    00000020     drivers_msp432p401x.aem4f : GPIOMSP432.oem4f (.text:GPIO_read)
                  00006e14    00000020                               : PowerMSP432.oem4f (.text:Power_unregisterNotify)
                  00006e34    00000020                               : RingBuf.oem4f (.text:RingBuf_peek)
                  00006e54    00000020     release_pem4f.oem4f (.text:ti_sysbios_BIOS_rtsLock__I)
                  00006e74    00000020     release_pem4f.oem4f (.text:ti_sysbios_family_arm_m3_Hwi_Object__delete__S)
                  00006e94    00000020     release_pem4f.oem4f (.text:ti_sysbios_gates_GateHwi_Object__delete__S)
                  00006eb4    00000020     release_pem4f.oem4f (.text:ti_sysbios_heaps_HeapMem_Object__delete__S)
                  00006ed4    00000004     --HOLE-- [fill = 0]
                  00006ed8    00000020     sysbios.aem4f : BIOS.obj (.text:ti_sysbios_knl_Idle_run__E)
                  00006ef8    00000020     release_pem4f.oem4f (.text:ti_sysbios_knl_Semaphore_destruct)
                  00006f18    00000020     release_pem4f.oem4f (.text:ti_sysbios_knl_Task_Object__delete__S)
                  00006f38    0000001e     drivers_msp432p401x.aem4f : PWMTimerMSP432.oem4f (.text:corroboratePeriod)
                  00006f56    0000001e     sysbios.aem4f : m3_Hwi_asm_switch.obj (.text:ti_sysbios_family_xxx_Hwi_switchAndRunFunc)
                  00006f74    00000004     --HOLE-- [fill = 0]
                  00006f78    0000001c                   : BIOS.obj (.text:ti_sysbios_family_arm_m3_Hwi_excHandler__I)
                  00006f94    00000004     --HOLE-- [fill = 0]
                  00006f98    0000001c                   : BIOS.obj (.text:ti_sysbios_gates_GateMutex_Instance_init__E)
                  00006fb4    00000004     --HOLE-- [fill = 0]
                  00006fb8    0000001c                   : BIOS.obj (.text:ti_sysbios_knl_Clock_Instance_finalize__E)
                  00006fd4    0000001c     release_pem4f.oem4f (.text:ti_sysbios_knl_Queue_destruct)
                  00006ff0    0000001c     sysbios.aem4f : BIOS.obj (.text:ti_sysbios_knl_Queue_get__E)
                  0000700c    00000004     --HOLE-- [fill = 0]
                  00007010    0000001c                   : BIOS.obj (.text:ti_sysbios_knl_Queue_put__E)
                  0000702c    00000004     --HOLE-- [fill = 0]
                  00007030    0000001c                   : BIOS.obj (.text:ti_sysbios_knl_Task_enter__I)
                  0000704c    00000004     --HOLE-- [fill = 0]
                  00007050    0000001c                   : BIOS.obj (.text:ti_sysbios_rts_ti_ReentSupport_getReent__F)
                  0000706c    00000004     --HOLE-- [fill = 0]
                  00007070    0000001c                   : BIOS.obj (.text:xdc_runtime_Memory_valloc__E)
                  0000708c    00000004     --HOLE-- [fill = 0]
                  00007090    0000001c                   : BIOS.obj (.text:xdc_runtime_System_abort__E)
                  000070ac    00000018     release_pem4f.oem4f (.text:.bootCodeSection:ti_sysbios_family_arm_msp432_init_Boot_init__I)
                  000070c4    00000018     msp432p4xx_driverlib.lib : sysctl_a.o (.text:SysCtl_A_disableNMISource)
                  000070dc    00000018                              : sysctl_a.o (.text:SysCtl_A_enableNMISource)
                  000070f4    00000018     drivers_msp432p401x.aem4f : UART.oem4f (.text:UART_Params_init)
                  0000710c    00000018     rtsv7M4_T_le_v4SPD16_eabi.lib : args_main.c.obj (.text:_args_main)
                  00007124    00000018     drivers_msp432p401x.aem4f : PWMTimerMSP432.oem4f (.text:corroborateDuty)
                  0000713c    00000018     rtsv7M4_T_le_v4SPD16_eabi.lib : strcmp.c.obj (.text:strcmp)
                  00007154    00000018     release_pem4f.oem4f (.text:ti_sysbios_BIOS_rtsUnlock__I)
                  0000716c    00000018     release_pem4f.oem4f (.text:ti_sysbios_family_arm_m3_Hwi_Module__startupDone__F)
                  00007184    00000018     sysbios.aem4f : m3_TaskSupport_asm.obj (.text:ti_sysbios_family_arm_m3_TaskSupport_swap__E)
                  0000719c    00000018     release_pem4f.oem4f (.text:ti_sysbios_family_arm_msp432_Timer_Module__startupDone__F)
                  000071b4    00000004     --HOLE-- [fill = 0]
                  000071b8    00000018     sysbios.aem4f : BIOS.obj (.text:ti_sysbios_gates_GateMutex_leave__E)
                  000071d0    00000018     release_pem4f.oem4f (.text:ti_sysbios_rts_ti_ReentSupport_getTlsAddr__I)
                  000071e8    00000018     sysbios.aem4f : BIOS.obj (.text:xdc_runtime_Error_init__E)
                  00007200    00000018                   : BIOS.obj (.text:xdc_runtime_System_exit__E)
                  00007218    00000016     release_pem4f.oem4f (.text:ti_sysbios_BIOS_exitFunc__I)
                  0000722e    00000002     --HOLE-- [fill = 0]
                  00007230    00000016     sysbios.aem4f : BIOS.obj (.text:ti_sysbios_knl_Task_unblock__E)
                  00007246    00000002     --HOLE-- [fill = 0]
                  00007248    00000014     msp432p4xx_driverlib.lib : pcm.o (.text:PCM_getPowerState)
                  0000725c    00000014     drivers_msp432p401x.aem4f : PWM.oem4f (.text:PWM_Params_init)
                  00007270    00000014                               : PowerMSP432.oem4f (.text:Power_idleFunc)
                  00007284    00000014                               : UARTMSP432.oem4f (.text:clearTXCPTIFG)
                  00007298    00000014     sysbios.aem4f : BIOS.obj (.text:pthread_attr_setschedparam)
                  000072ac    00000014     rtsv7M4_T_le_v4SPD16_eabi.lib : strcpy.c.obj (.text:strcpy)
                  000072c0    00000014                                   : strlen.c.obj (.text:strlen)
                  000072d4    00000014     release_pem4f.oem4f (.text:ti_sysbios_family_arm_m3_Hwi_Object__get__S)
                  000072e8    00000014     sysbios.aem4f : BIOS.obj (.text:ti_sysbios_family_arm_m3_Hwi_switchFromBootStack__E)
                  000072fc    00000014     release_pem4f.oem4f (.text:ti_sysbios_heaps_HeapMem_Object__get__S)
                  00007310    00000014     release_pem4f.oem4f (.text:ti_sysbios_knl_Swi_Object__get__S)
                  00007324    00000012     drivers_msp432p401x.aem4f : RingBuf.oem4f (.text:RingBuf_construct)
                  00007336    00000012     dpl_msp432p401x.aem4f : SemaphoreP_tirtos.oem4f (.text:SemaphoreP_pend)
                  00007348    00000012     sysbios.aem4f : BIOS.obj (.text:_pthread_cleanup_pop)
                  0000735a    00000006     drivers_msp432p401x.aem4f : TimerMSP432.oem4f (.text:TimerMSP432_control)
                  00007360    00000012     sysbios.aem4f : BIOS.obj (.text:_pthread_runStub$43)
                  00007372    00000006     --HOLE-- [fill = 0]
                  00007378    00000012                   : BIOS.obj (.text:ti_sysbios_hal_Hwi_Module_startup__E)
                  0000738a    00000012     release_pem4f.oem4f (.text:xdc_runtime_Startup_exec__I)
                  0000739c    00000010     dpl_msp432p401x.aem4f : HwiP_tirtos.oem4f (.text:HwiP_Params_init)
                  000073ac    00000010     msp432p4xx_driverlib.lib : pcm.o (.text:PCM_gotoLPM4)
                  000073bc    00000010                              : pcm.o (.text:PCM_setPowerMode)
                  000073cc    00000010                              : pcm.o (.text:PCM_setPowerState)
                  000073dc    00000010     drivers_msp432p401x.aem4f : PowerMSP432.oem4f (.text:PowerMSP432_getNumPerfLevels)
                  000073ec    00000010     msp432p4xx_driverlib.lib : sysctl_a.o (.text:SysCtl_A_getNMISourceStatus)
                  000073fc    00000010                              : sysctl.o (.text:SysCtl_getNMISourceStatus)
                  0000740c    00000010     drivers_msp432p401x.aem4f : Timer.oem4f (.text:Timer_Params_init)
                  0000741c    00000010                               : UARTMSP432.oem4f (.text:readBlockingTimeout)
                  0000742c    00000004     --HOLE-- [fill = 0]
                  00007430    00000010     sysbios.aem4f : BIOS.obj (.text:ti_sysbios_BIOS_exit__E)
                  00007440    00000010                   : BIOS.obj (.text:ti_sysbios_BIOS_setCpuFreq__E)
                  00007450    00000010                   : BIOS.obj (.text:ti_sysbios_BIOS_setThreadType__E)
                  00007460    00000010                   : BIOS.obj (.text:ti_sysbios_BIOS_start__E)
                  00007470    00000010                   : m3_TaskSupport_asm.obj (.text:ti_sysbios_family_arm_m3_TaskSupport_glue)
                  00007480    00000010                   : BIOS.obj (.text:ti_sysbios_family_arm_msp432_init_Boot_disableWatchdog)
                  00007490    00000010                   : BIOS.obj (.text:ti_sysbios_gates_GateMutex_Instance_finalize__E)
                  000074a0    00000010     release_pem4f.oem4f (.text:ti_sysbios_knl_Mailbox_Object__get__S)
                  000074b0    00000010     sysbios.aem4f : BIOS.obj (.text:ti_sysbios_knl_Semaphore_Instance_finalize__E)
                  000074c0    00000010                   : BIOS.obj (.text:ti_sysbios_knl_Swi_disable__E)
                  000074d0    00000010     release_pem4f.oem4f (.text:ti_sysbios_knl_Task_Object__get__S)
                  000074e0    00000010     sysbios.aem4f : BIOS.obj (.text:ti_sysbios_knl_Task_disable__E)
                  000074f0    00000010                   : BIOS.obj (.text:xdc_runtime_Gate_leaveSystem__E)
                  00007500    00000010                   : BIOS.obj (.text:xdc_runtime_Memory_free__E)
                  00007510    00000010                   : BIOS.obj (.text:xdc_runtime_SysCallback_abort__E)
                  00007520    00000010                   : BIOS.obj (.text:xdc_runtime_SysCallback_exit__E)
                  00007530    0000000e     rtsv7M4_T_le_v4SPD16_eabi.lib : copy_decompress_none.c.obj (.text:decompress:none:__TI_decompress_none)
                  0000753e    00000002     --HOLE-- [fill = 0]
                  00007540    0000000e     sysbios.aem4f : BIOS.obj (.text:pthread_attr_setdetachstate)
                  0000754e    00000002     --HOLE-- [fill = 0]
                  00007550    0000000e                   : BIOS.obj (.text:sem_wait)
                  0000755e    00000002     --HOLE-- [fill = 0]
                  00007560    0000000e                   : BIOS.obj (.text:ti_sysbios_knl_Idle_loop__E)
                  0000756e    00000002     --HOLE-- [fill = 0]
                  00007570    0000000e                   : BIOS.obj (.text:ti_sysbios_knl_Queue_empty__E)
                  0000757e    0000000c     ti_drivers_config.obj (.text:Board_init)
                  0000758a    0000000c     msp432p4xx_driverlib.lib : cpu.o (.text:CPU_cpsid)
                  00007596    0000000c                              : cpu.o (.text:CPU_cpsie)
                  000075a2    0000000c     dpl_msp432p401x.aem4f : ClockP_tirtos.oem4f (.text:ClockP_delete)
                  000075ae    0000000c                           : HwiP_tirtos.oem4f (.text:HwiP_delete)
                  000075ba    00000002     --HOLE-- [fill = 0]
                  000075bc    0000000c     drivers_msp432p401x.aem4f : PowerMSP432.oem4f (.text:Power_getConstraintMask)
                  000075c8    0000000c                               : PowerMSP432.oem4f (.text:Power_getPerformanceLevel)
                  000075d4    0000000c     dpl_msp432p401x.aem4f : SemaphoreP_tirtos.oem4f (.text:SemaphoreP_delete)
                  000075e0    0000000c     rtsv7M4_T_le_v4SPD16_eabi.lib : _lock.c.obj (.text:_register_lock)
                  000075ec    0000000c                                   : _lock.c.obj (.text:_register_unlock)
                  000075f8    0000000c                                   : copy_zero_init.c.obj (.text:decompress:ZI:__TI_zero_init)
                  00007604    00000004     --HOLE-- [fill = 0]
                  00007608    0000000c     sysbios.aem4f : BIOS.obj (.text:pthread_self)
                  00007614    0000000c     release_pem4f.oem4f (.text:ti_sysbios_family_arm_m3_Hwi_Params__init__S)
                  00007620    0000000c     sysbios.aem4f : BIOS.obj (.text:ti_sysbios_family_arm_m3_Hwi_disableFxn__E)
                  0000762c    00000004     --HOLE-- [fill = 0]
                  00007630    0000000c                   : BIOS.obj (.text:ti_sysbios_family_arm_m3_TaskSupport_getStackAlignment__E)
                  0000763c    00000004     --HOLE-- [fill = 0]
                  00007640    0000000c                   : BIOS.obj (.text:ti_sysbios_family_arm_msp432_Timer_getMaxTicks__E)
                  0000764c    00000004     --HOLE-- [fill = 0]
                  00007650    0000000c                   : BIOS.obj (.text:ti_sysbios_gates_GateHwi_enter__E)
                  0000765c    0000000c     release_pem4f.oem4f (.text:ti_sysbios_knl_Clock_Params__init__S)
                  00007668    0000000c     release_pem4f.oem4f (.text:ti_sysbios_knl_Queue_Object__get__S)
                  00007674    0000000c     release_pem4f.oem4f (.text:ti_sysbios_knl_Semaphore_Params__init__S)
                  00007680    0000000c     release_pem4f.oem4f (.text:ti_sysbios_knl_Task_Params__init__S)
                  0000768c    00000004     --HOLE-- [fill = 0]
                  00007690    0000000c     sysbios.aem4f : BIOS.obj (.text:ti_sysbios_knl_Task_self__E)
                  0000769c    00000004     --HOLE-- [fill = 0]
                  000076a0    0000000c                   : BIOS.obj (.text:ti_sysbios_rts_ti_ReentSupport_taskRegHook__I)
                  000076ac    00000004     --HOLE-- [fill = 0]
                  000076b0    0000000c                   : BIOS.obj (.text:xdc_runtime_Gate_enterSystem__E)
                  000076bc    00000004     --HOLE-- [fill = 0]
                  000076c0    0000000c                   : BIOS.obj (.text:xdc_runtime_Startup_rtsDone__E)
                  000076cc    0000000a     dpl_msp432p401x.aem4f : ClockP_tirtos.oem4f (.text:ClockP_Params_init)
                  000076d6    0000000a     drivers_msp432p401x.aem4f : PWM.oem4f (.text:PWM_setDuty)
                  000076e0    0000000a                               : PWM.oem4f (.text:PWM_start)
                  000076ea    0000000a                               : PWM.oem4f (.text:PWM_stop)
                  000076f4    0000000a                               : Timer.oem4f (.text:Timer_close)
                  000076fe    0000000a                               : Timer.oem4f (.text:Timer_getCount)
                  00007708    0000000a                               : Timer.oem4f (.text:Timer_start)
                  00007712    0000000a                               : Timer.oem4f (.text:Timer_stop)
                  0000771c    0000000a                               : UART.oem4f (.text:UART_read)
                  00007726    0000000a                               : UART.oem4f (.text:UART_write)
                  00007730    0000000a     sysbios.aem4f : BIOS.obj (.text:sem_post)
                  0000773a    0000000a     release_pem4f.oem4f (.text:xdc_runtime_IHeap_alloc)
                  00007744    0000000a     release_pem4f.oem4f (.text:xdc_runtime_IHeap_free)
                  0000774e    00000008     dpl_msp432p401x.aem4f : SemaphoreP_tirtos.oem4f (.text:SemaphoreP_Params_init)
                  00007756    00000002     --HOLE-- [fill = 0]
                  00007758    00000008     sysbios.aem4f : BIOS.obj (.text:pthread_attr_setstacksize)
                  00007760    00000008     drivers_msp432p401x.aem4f : UARTMSP432.oem4f (.text:readSemCallback)
                  00007768    00000008     sysbios.aem4f : BIOS.obj (.text:ti_sysbios_family_arm_m3_Hwi_doSwiRestore__I)
                  00007770    00000008                   : BIOS.obj (.text:ti_sysbios_family_arm_m3_Hwi_startup__E)
                  00007778    00000008     drivers_msp432p401x.aem4f : UARTMSP432.oem4f (.text:txcptEnabledStatus)
                  00007780    00000008                               : UARTMSP432.oem4f (.text:writeSemCallback)
                  00007788    00000006     sysbios.aem4f : BIOS.obj (.text:ti_sysbios_family_arm_m3_Hwi_doTaskRestore__I)
                  0000778e    00000002     --HOLE-- [fill = 0]
                  00007790    00000006                   : BIOS.obj (.text:ti_sysbios_family_arm_m3_Hwi_restoreFxn__E)
                  00007796    00000002     --HOLE-- [fill = 0]
                  00007798    00000006                   : BIOS.obj (.text:ti_sysbios_gates_GateHwi_leave__E)
                  0000779e    00000002     --HOLE-- [fill = 0]
                  000077a0    00000006                   : BIOS.obj (.text:ti_sysbios_heaps_HeapMem_isBlocking__E)
                  000077a6    00000002     --HOLE-- [fill = 0]
                  000077a8    00000006                   : BIOS.obj (.text:ti_sysbios_knl_Clock_stop__E)
                  000077ae    00000002     --HOLE-- [fill = 0]
                  000077b0    00000006                   : BIOS.obj (.text:ti_sysbios_knl_Queue_Instance_init__E)
                  000077b6    00000002     --HOLE-- [fill = 0]
                  000077b8    00000006                   : BIOS.obj (.text:ti_sysbios_knl_Swi_startup__E)
                  000077be    00000002     --HOLE-- [fill = 0]
                  000077c0    00000006                   : BIOS.obj (.text:xdc_runtime_System_Module_startup__E)
                  000077c6    00000002     --HOLE-- [fill = 0]
                  000077c8    00000004                   : BIOS.obj (.text:__aeabi_errno_addr)
                  000077cc    00000004     --HOLE-- [fill = 0]
                  000077d0    00000004                   : BIOS.obj (.text:ti_sysbios_gates_GateHwi_query__E)
                  000077d4    00000004     --HOLE-- [fill = 0]
                  000077d8    00000004                   : BIOS.obj (.text:ti_sysbios_gates_GateMutex_query__E)
                  000077dc    00000004     --HOLE-- [fill = 0]
                  000077e0    00000004                   : BIOS.obj (.text:ti_sysbios_knl_Clock_setTimeout__E)
                  000077e4    00000004     --HOLE-- [fill = 0]
                  000077e8    00000004                   : BIOS.obj (.text:ti_sysbios_knl_Task_startup__E)
                  000077ec    00000004     --HOLE-- [fill = 0]
                  000077f0    00000002                   : BIOS.obj (.text:ti_sysbios_BIOS_linkedWithIncorrectBootLibrary__E)
                  000077f2    00000006     --HOLE-- [fill = 0]
                  000077f8    00000002                   : BIOS.obj (.text:ti_sysbios_gates_GateHwi_Instance_init__E)
                  000077fa    00000006     --HOLE-- [fill = 0]
                  00007800    00000002                   : BIOS.obj (.text:ti_sysbios_knl_Clock_logTick__E)
                  00007802    00000006     --HOLE-- [fill = 0]
                  00007808    00000002                   : BIOS.obj (.text:xdc_runtime_SysCallback_defaultAbort)
                  0000780a    00000006     --HOLE-- [fill = 0]
                  00007810    00000002                   : BIOS.obj (.text:xdc_runtime_SysCallback_defaultExit)
                  00007812    00000006     --HOLE-- [fill = 0]
                  00007818    00000002                   : BIOS.obj (.text:xdc_runtime_System_abortSpin__E)
                  0000781a    00000006     --HOLE-- [fill = 0]
                  00007820    00000002                   : BIOS.obj (.text:xdc_runtime_System_exitSpin__E)

.const     0    00007824    0000074a     
                  00007824    00000050     drivers_msp432p401x.aem4f : TimerMSP432.oem4f (.const:timerADividers)
                  00007874    00000040     ti_drivers_config.obj (.const:TimerMSP432HWAttrs)
                  000078b4    00000040     ti_drivers_config.obj (.const:uartMSP432Baudrates)
                  000078f4    0000003c     release_pem4f.oem4f (.const:ti_sysbios_knl_Task_Object__PARAMS__C)
                  00007930    00000038     ti_drivers_config.obj (.const:PowerMSP432_config)
                  00007968    00000034     release_pem4f.oem4f (.const:ti_sysbios_knl_Mailbox_Object__PARAMS__C)
                  0000799c    00000030     ti_drivers_config.obj (.const:Timer_config)
                  000079cc    00000030     release_pem4f.oem4f (.const:ti_sysbios_family_arm_m3_Hwi_Object__PARAMS__C)
                  000079fc    0000002c     ti_drivers_config.obj (.const:uartMSP432HWAttrs)
                  00007a28    00000028     drivers_msp432p401x.aem4f : UARTMSP432.oem4f (.const:UARTMSP432_fxnTable)
                  00007a50    00000028     release_pem4f.oem4f (.const:ti_sysbios_heaps_HeapMem_Module__FXNS__C)
                  00007a78    00000024     drivers_msp432p401x.aem4f : PWMTimerMSP432.oem4f (.const:PWMTimerMSP432_fxnTable)
                  00007a9c    00000024     ti_drivers_config.obj (.const:PWM_config)
                  00007ac0    00000024     drivers_msp432p401x.aem4f : UART.oem4f (.const:UART_defaultParams)
                  00007ae4    00000024     release_pem4f.oem4f (.const:ti_sysbios_gates_GateHwi_Module__FXNS__C)
                  00007b08    00000024     release_pem4f.oem4f (.const:ti_sysbios_gates_GateMutex_Module__FXNS__C)
                  00007b2c    00000024     release_pem4f.oem4f (.const:ti_sysbios_heaps_HeapMem_Object__PARAMS__C)
                  00007b50    00000024     release_pem4f.oem4f (.const:ti_sysbios_knl_Clock_Object__PARAMS__C)
                  00007b74    00000024     release_pem4f.oem4f (.const:ti_sysbios_knl_Semaphore_Object__PARAMS__C)
                  00007b98    00000024     release_pem4f.oem4f (.const:xdc_runtime_Startup_sfxnTab__A)
                  00007bbc    00000020     drivers_msp432p401x.aem4f : TimerMSP432.oem4f (.const:TimerMSP432_Timer32_fxnTable)
                  00007bdc    00000020                               : TimerMSP432.oem4f (.const:TimerMSP432_Timer_A_fxnTable)
                  00007bfc    00000020                               : UARTMSP432.oem4f (.const:staticFxnTable)
                  00007c1c    00000020     release_pem4f.oem4f (.const:ti_sysbios_family_arm_m3_Hwi_Object__DESC__C)
                  00007c3c    00000020     release_pem4f.oem4f (.const:ti_sysbios_gates_GateHwi_Object__DESC__C)
                  00007c5c    00000020     release_pem4f.oem4f (.const:ti_sysbios_gates_GateMutex_Object__DESC__C)
                  00007c7c    00000020     release_pem4f.oem4f (.const:ti_sysbios_heaps_HeapMem_Object__DESC__C)
                  00007c9c    00000020     release_pem4f.oem4f (.const:ti_sysbios_knl_Clock_Object__DESC__C)
                  00007cbc    00000020     release_pem4f.oem4f (.const:ti_sysbios_knl_Mailbox_Object__DESC__C)
                  00007cdc    00000020     release_pem4f.oem4f (.const:ti_sysbios_knl_Queue_Object__DESC__C)
                  00007cfc    00000020     release_pem4f.oem4f (.const:ti_sysbios_knl_Semaphore_Object__DESC__C)
                  00007d1c    00000020     release_pem4f.oem4f (.const:ti_sysbios_knl_Task_Object__DESC__C)
                  00007d3c    00000018     drivers_msp432p401x.aem4f : PWM.oem4f (.const:PWM_defaultParams)
                  00007d54    00000018     ti_drivers_config.obj (.const:pwmTimerMSP432HWAttrs)
                  00007d6c    00000018     release_pem4f.oem4f (.const:ti_sysbios_gates_GateHwi_Object__PARAMS__C)
                  00007d84    00000018     release_pem4f.oem4f (.const:ti_sysbios_gates_GateMutex_Object__PARAMS__C)
                  00007d9c    00000018     release_pem4f.oem4f (.const:ti_sysbios_knl_Queue_Object__PARAMS__C)
                  00007db4    00000018     release_pem4f.oem4f (.const:ti_sysbios_knl_Task_hooks__A)
                  00007dcc    00000014     ti_drivers_config.obj (.const:GPIOMSP432_config)
                  00007de0    00000012     release_pem4f.oem4f (.const:xdc_runtime_Startup_sfxnRts__A)
                  00007df2    00000002     release_pem4f.oem4f (.const:ti_sysbios_family_arm_m3_Hwi_Module__id__C)
                  00007df4    00000010     uart_thread.obj (.const:$P$T0$1)
                  00007e04    00000010     drivers_msp432p401x.aem4f : PWMTimerMSP432.oem4f (.const:pwmTimerBaseAddr)
                  00007e14    0000000c     ti_drivers_config.obj (.const:UART_config)
                  00007e20    0000000c     drivers_msp432p401x.aem4f : Timer.oem4f (.const:defaultParams)
                  00007e2c    0000000c                               : TimerMSP432.oem4f (.const:timer32Dividers)
                  00007e38    0000000c     release_pem4f.oem4f (.const:xdc_runtime_Startup_firstFxns__A)
                  00007e44    00000008     release_pem4f.oem4f (.const)
                  00007e4c    00000008     release_pem4f.oem4f (.const:ti_sysbios_knl_Idle_funcList__A)
                  00007e54    00000008     release_pem4f.oem4f (.const:ti_sysbios_knl_Idle_funcList__C)
                  00007e5c    00000008     release_pem4f.oem4f (.const:ti_sysbios_knl_Task_hooks__C)
                  00007e64    00000008     release_pem4f.oem4f (.const:xdc_runtime_Startup_firstFxns__C)
                  00007e6c    00000008     release_pem4f.oem4f (.const:xdc_runtime_Startup_lastFxns__C)
                  00007e74    00000006     drivers_msp432p401x.aem4f : GPIOMSP432.oem4f (.const:.string:interruptType)
                  00007e7a    00000006                               : GPIOMSP432.oem4f (.const:.string:portInterruptIds)
                  00007e80    00000005                               : UARTMSP432.oem4f (.const:.string:parityTypes)
                  00007e85    00000001     release_pem4f.oem4f (.const:xdc_runtime_Error_policy__C)
                  00007e86    00000004     drivers_msp432p401x.aem4f : UARTMSP432.oem4f (.const:stopBits)
                  00007e8a    00000004     ti_drivers_config.obj (.const)
                  00007e8e    00000002     release_pem4f.oem4f (.const:ti_sysbios_family_arm_msp432_init_Boot_bypassHFXT__C)
                  00007e90    00000004     release_pem4f.oem4f (.const:ti_sysbios_family_arm_m3_Hwi_E_alreadyDefined__C)
                  00007e94    00000004     release_pem4f.oem4f (.const:ti_sysbios_family_arm_m3_Hwi_E_badIntNum__C)
                  00007e98    00000004     release_pem4f.oem4f (.const:ti_sysbios_family_arm_m3_Hwi_NUM_INTERRUPTS__C)
                  00007e9c    00000004     release_pem4f.oem4f (.const:ti_sysbios_family_arm_m3_Hwi_Object__count__C)
                  00007ea0    00000004     release_pem4f.oem4f (.const:ti_sysbios_family_arm_m3_Hwi_ccr__C)
                  00007ea4    00000004     release_pem4f.oem4f (.const:ti_sysbios_family_arm_m3_Hwi_excHandlerFunc__C)
                  00007ea8    00000004     release_pem4f.oem4f (.const:ti_sysbios_family_arm_m3_Hwi_nullIsrFunc__C)
                  00007eac    00000004     release_pem4f.oem4f (.const:ti_sysbios_family_arm_m3_Hwi_priGroup__C)
                  00007eb0    00000004     release_pem4f.oem4f (.const:ti_sysbios_family_arm_m3_Hwi_swiDisable__C)
                  00007eb4    00000004     release_pem4f.oem4f (.const:ti_sysbios_family_arm_m3_Hwi_swiRestore__C)
                  00007eb8    00000004     release_pem4f.oem4f (.const:ti_sysbios_family_arm_m3_TaskSupport_stackAlignment__C)
                  00007ebc    00000004     release_pem4f.oem4f (.const:ti_sysbios_family_arm_msp432_Timer_numTimerDevices__C)
                  00007ec0    00000004     release_pem4f.oem4f (.const:ti_sysbios_family_arm_msp432_Timer_startupNeeded__C)
                  00007ec4    00000004     release_pem4f.oem4f (.const:ti_sysbios_gates_GateMutex_Instance_State_sem__O)
                  00007ec8    00000004     release_pem4f.oem4f (.const:ti_sysbios_heaps_HeapMem_E_memory__C)
                  00007ecc    00000004     release_pem4f.oem4f (.const:ti_sysbios_heaps_HeapMem_Module__gateObj__C)
                  00007ed0    00000004     release_pem4f.oem4f (.const:ti_sysbios_heaps_HeapMem_Object__count__C)
                  00007ed4    00000004     release_pem4f.oem4f (.const:ti_sysbios_heaps_HeapMem_primaryHeapBaseAddr__C)
                  00007ed8    00000004     release_pem4f.oem4f (.const:ti_sysbios_heaps_HeapMem_primaryHeapEndAddr__C)
                  00007edc    00000004     release_pem4f.oem4f (.const:ti_sysbios_heaps_HeapMem_reqAlign__C)
                  00007ee0    00000004     release_pem4f.oem4f (.const:ti_sysbios_knl_Clock_Module_State_clockQ__O)
                  00007ee4    00000004     release_pem4f.oem4f (.const:ti_sysbios_knl_Clock_tickPeriod__C)
                  00007ee8    00000004     release_pem4f.oem4f (.const:ti_sysbios_knl_Mailbox_Instance_State_dataQue__O)
                  00007eec    00000004     release_pem4f.oem4f (.const:ti_sysbios_knl_Mailbox_Instance_State_dataSem__O)
                  00007ef0    00000004     release_pem4f.oem4f (.const:ti_sysbios_knl_Mailbox_Instance_State_freeQue__O)
                  00007ef4    00000004     release_pem4f.oem4f (.const:ti_sysbios_knl_Mailbox_Instance_State_freeSem__O)
                  00007ef8    00000004     release_pem4f.oem4f (.const:ti_sysbios_knl_Mailbox_Object__count__C)
                  00007efc    00000004     release_pem4f.oem4f (.const:ti_sysbios_knl_Mailbox_maxTypeAlign__C)
                  00007f00    00000004     release_pem4f.oem4f (.const:ti_sysbios_knl_Semaphore_Instance_State_pendQ__O)
                  00007f04    00000004     release_pem4f.oem4f (.const:ti_sysbios_knl_Swi_Object__count__C)
                  00007f08    00000004     release_pem4f.oem4f (.const:ti_sysbios_knl_Task_Module_State_inactiveQ__O)
                  00007f0c    00000004     release_pem4f.oem4f (.const:ti_sysbios_knl_Task_Object__count__C)
                  00007f10    00000004     release_pem4f.oem4f (.const:ti_sysbios_knl_Task_Object__heap__C)
                  00007f14    00000004     release_pem4f.oem4f (.const:ti_sysbios_knl_Task_allBlockedFunc__C)
                  00007f18    00000004     release_pem4f.oem4f (.const:ti_sysbios_knl_Task_defaultStackHeap__C)
                  00007f1c    00000004     release_pem4f.oem4f (.const:ti_sysbios_knl_Task_defaultStackSize__C)
                  00007f20    00000004     release_pem4f.oem4f (.const:ti_sysbios_knl_Task_numConstructedTasks__C)
                  00007f24    00000004     release_pem4f.oem4f (.const:xdc_runtime_Error_E_memory__C)
                  00007f28    00000004     release_pem4f.oem4f (.const:xdc_runtime_Error_policyFxn__C)
                  00007f2c    00000004     release_pem4f.oem4f (.const:xdc_runtime_IGateProvider_Interface__BASE__C)
                  00007f30    00000004     release_pem4f.oem4f (.const:xdc_runtime_IHeap_Interface__BASE__C)
                  00007f34    00000004     release_pem4f.oem4f (.const:xdc_runtime_IModule_Interface__BASE__C)
                  00007f38    00000004     release_pem4f.oem4f (.const:xdc_runtime_Memory_defaultHeapInstance__C)
                  00007f3c    00000004     release_pem4f.oem4f (.const:xdc_runtime_Startup_execImpl__C)
                  00007f40    00000004     release_pem4f.oem4f (.const:xdc_runtime_Startup_maxPasses__C)
                  00007f44    00000004     release_pem4f.oem4f (.const:xdc_runtime_Startup_sfxnRts__C)
                  00007f48    00000004     release_pem4f.oem4f (.const:xdc_runtime_Startup_sfxnTab__C)
                  00007f4c    00000004     release_pem4f.oem4f (.const:xdc_runtime_SysCallback_abortFxn__C)
                  00007f50    00000004     release_pem4f.oem4f (.const:xdc_runtime_SysCallback_exitFxn__C)
                  00007f54    00000004     release_pem4f.oem4f (.const:xdc_runtime_System_Module__gateObj__C)
                  00007f58    00000004     release_pem4f.oem4f (.const:xdc_runtime_System_abortFxn__C)
                  00007f5c    00000004     release_pem4f.oem4f (.const:xdc_runtime_System_exitFxn__C)
                  00007f60    00000004     release_pem4f.oem4f (.const:xdc_runtime_System_maxAtexitHandlers__C)
                  00007f64    00000002     release_pem4f.oem4f (.const:ti_sysbios_family_arm_msp432_init_Boot_bypassLFXT__C)
                  00007f66    00000002     release_pem4f.oem4f (.const:ti_sysbios_family_arm_msp432_init_Boot_enableHFXT__C)
                  00007f68    00000002     release_pem4f.oem4f (.const:ti_sysbios_family_arm_msp432_init_Boot_enableLFXT__C)
                  00007f6a    00000002     release_pem4f.oem4f (.const:ti_sysbios_heaps_HeapMem_Module__id__C)
                  00007f6c    00000002     release_pem4f.oem4f (.const:xdc_runtime_Memory_Module__id__C)

.cinit     0    00007f70    00000268     
                  00007f70    0000023d     (.cinit..data.load) [load image, compression = lzss]
                  000081ad    00000003     --HOLE-- [fill = 0]
                  000081b0    0000000c     (__TI_handler_table)
                  000081bc    00000004     --HOLE-- [fill = 0]
                  000081c0    00000008     (.cinit..bss.load) [load image, compression = zero_init]
                  000081c8    00000010     (__TI_cinit_table)

.init_array 
*          0    00000000    00000000     UNINITIALIZED

.data      0    20008140    0000077e     UNINITIALIZED
                  20008140    00000140     drivers_msp432p401x.aem4f : PowerMSP432.oem4f (.data:PowerMSP432_perfLevels)
                  20008280    00000110                               : PWMTimerMSP432.oem4f (.data:pwmTimerStatus)
                  20008390    00000088     sysbios.aem4f : BIOS.obj (.data:$O1$$)
                  20008418    00000080     release_pem4f.oem4f (.data:ti_sysbios_knl_Swi_Module_State_0_readyQ__A)
                  20008498    00000080     release_pem4f.oem4f (.data:ti_sysbios_knl_Task_Module_State_0_readyQ__A)
                  20008518    00000054     release_pem4f.oem4f (.data:ti_sysbios_gates_GateMutex_Object__table__V)
                  2000856c    0000004c     release_pem4f.oem4f (.data:ti_sysbios_knl_Task_Object__table__V)
                  200085b8    00000044     release_pem4f.oem4f (.data:ti_sysbios_family_arm_msp432_Timer_Object__table__V)
                  200085fc    00000044     release_pem4f.oem4f (.data:ti_sysbios_knl_Task_Module__state__V)
                  20008640    00000034     release_pem4f.oem4f (.data:ti_sysbios_family_arm_m3_Hwi_Module__state__V)
                  20008674    00000030     release_pem4f.oem4f (.data:ti_sysbios_knl_Swi_Object__table__V)
                  200086a4    0000002c     drivers_msp432p401x.aem4f : PowerMSP432.oem4f (.data:PowerMSP432_module)
                  200086d0    0000002c     release_pem4f.oem4f (.data:ti_sysbios_knl_Clock_Module__state__V)
                  200086fc    00000024     release_pem4f.oem4f (.data:ti_sysbios_BIOS_Module__state__V)
                  20008720    00000020     release_pem4f.oem4f (.data:ti_sysbios_family_arm_msp432_Timer_Module_State_0_device__A)
                  20008740    00000020     release_pem4f.oem4f (.data:xdc_runtime_Error_IgnoreBlock)
                  20008760    0000001c     release_pem4f.oem4f (.data:ti_sysbios_knl_Swi_Module__state__V)
                  2000877c    00000018     release_pem4f.oem4f (.data:ti_sysbios_family_arm_m3_Hwi_Object__table__V)
                  20008794    00000018     release_pem4f.oem4f (.data:ti_sysbios_heaps_HeapMem_Object__table__V)
                  200087ac    00000018     drivers_msp432p401x.aem4f : TimerMSP432.oem4f (.data:upConfig)
                  200087c4    00000014     led_thread.obj (.data:ledTogglePeriods)
                  200087d8    00000010     release_pem4f.oem4f (.data:ti_sysbios_family_arm_msp432_Timer_Module_State_0_handles__A)
                  200087e8    0000000d     uart_thread.obj (.data)
                  200087f5    00000002     drivers_msp432p401x.aem4f : GPIOMSP432.oem4f (.data)
                  200087f7    00000001                               : PWM.oem4f (.data)
                  200087f8    0000000c     ti_drivers_config.obj (.data:gpioCallbackFunctions)
                  20008804    0000000c     ti_drivers_config.obj (.data:gpioPinConfigs)
                  20008810    0000000c     release_pem4f.oem4f (.data:ti_sysbios_family_arm_msp432_ClockFreqs_Module__state__V)
                  2000881c    0000000c     release_pem4f.oem4f (.data:ti_sysbios_family_arm_msp432_Timer_Module__state__V)
                  20008828    00000008     rtsv7M4_T_le_v4SPD16_eabi.lib : _lock.c.obj (.data:$O1$$)
                  20008830    00000008     callbacks.obj (.data)
                  20008838    00000008     release_pem4f.oem4f (.data:ti_sysbios_family_arm_m3_Hwi_Module__root__V)
                  20008840    00000008     release_pem4f.oem4f (.data:ti_sysbios_gates_GateHwi_Module__root__V)
                  20008848    00000008     release_pem4f.oem4f (.data:ti_sysbios_gates_GateMutex_Module__root__V)
                  20008850    00000008     release_pem4f.oem4f (.data:ti_sysbios_heaps_HeapMem_Module__root__V)
                  20008858    00000008     release_pem4f.oem4f (.data:ti_sysbios_knl_Clock_Module__root__V)
                  20008860    00000008     release_pem4f.oem4f (.data:ti_sysbios_knl_Mailbox_Module__root__V)
                  20008868    00000008     release_pem4f.oem4f (.data:ti_sysbios_knl_Queue_Module__root__V)
                  20008870    00000008     release_pem4f.oem4f (.data:ti_sysbios_knl_Semaphore_Module__root__V)
                  20008878    00000008     release_pem4f.oem4f (.data:ti_sysbios_knl_Task_Module__root__V)
                  20008880    00000008     release_pem4f.oem4f (.data:xdc_runtime_Startup_Module__state__V)
                  20008888    00000008     release_pem4f.oem4f (.data:xdc_runtime_System_Module_State_0_atexitHandlers__A)
                  20008890    00000008     release_pem4f.oem4f (.data:xdc_runtime_System_Module__state__V)
                  20008898    00000004     rtsv7M4_T_le_v4SPD16_eabi.lib : rand.c.obj (.data)
                  2000889c    00000004                                   : stkdepth_vars.c.obj (.data)
                  200088a0    00000004     release_pem4f.oem4f (.data:ti_sysbios_family_arm_m3_Hwi_Module_State_0_excContext__A)
                  200088a4    00000004     release_pem4f.oem4f (.data:ti_sysbios_family_arm_m3_Hwi_Module_State_0_excStack__A)
                  200088a8    00000004     release_pem4f.oem4f (.data:ti_sysbios_gates_GateHwi_Object__table__V)
                  200088ac    00000004     release_pem4f.oem4f (.data:ti_sysbios_knl_Task_Module_State_0_idleTask__A)
                  200088b0    00000004     release_pem4f.oem4f (.data:ti_sysbios_rts_ti_ReentSupport_Module__state__V)
                  200088b4    00000004     release_pem4f.oem4f (.data:xdc_runtime_Memory_Module__state__V)
                  200088b8    00000002     led_thread.obj (.data)
                  200088ba    00000002     release_pem4f.oem4f (.data:ti_sysbios_family_arm_m3_Hwi_Module_State_0_excActive__A)
                  200088bc    00000001     drivers_msp432p401x.aem4f : Timer.oem4f (.data)
                  200088bd    00000001                               : UART.oem4f (.data)

.bss       0    200088c0    00000581     UNINITIALIZED
                  200088c0    00000200     release_pem4f.oem4f (.bss:taskStackSection)
                  20008ac0    00000140     (.common:ti_sysbios_family_arm_m3_Hwi_dispatchTable)
                  20008c00    000000d0     (.common:timerMSP432Objects)
                  20008cd0    00000080     (.common:uartMSP432Objects)
                  20008d50    00000030     drivers_msp432p401x.aem4f : GPIOMSP432.oem4f (.bss:gpioCallbackInfo)
                  20008d80    00000024     (.common:pwmTimerMSP432Objects)
                  20008da4    00000020     ti_drivers_config.obj (.bss:uartMSP432RingBuffer0)
                  20008dc4    0000001c     (.common:semLED)
                  20008de0    0000000c     (.common:pwms)
                  20008dec    0000000c     (.common:timer_params)
                  20008df8    00000008     msp432p4xx_driverlib.lib : cs.o (.bss)
                  20008e00    00000008     (.common:dutys)
                  20008e08    00000008     (.common:start)
                  20008e10    00000004     drivers_msp432p401x.aem4f : GPIOMSP432.oem4f (.bss)
                  20008e14    00000004     led_thread.obj (.bss)
                  20008e18    00000004     drivers_msp432p401x.aem4f : TimerMSP432.oem4f (.bss:timerState)
                  20008e1c    00000004     (.common:ClockP_tickPeriod)
                  20008e20    00000004     (.common:blinkTimer)
                  20008e24    00000004     (.common:debounceTimer)
                  20008e28    00000004     (.common:intervalTimer)
                  20008e2c    00000004     (.common:ledthread_handler)
                  20008e30    00000004     (.common:mqLED)
                  20008e34    00000004     (.common:ti_sysbios_knl_Task_Instance_State_0_hookEnv__A)
                  20008e38    00000004     (.common:timerValueOnTap)
                  20008e3c    00000004     (.common:uartthread_handler)
                  20008e40    00000001     (.common:receiveByte)

.priheap   0    20000140    00008000     UNINITIALIZED
                  20000140    00008000     --HOLE--

.stack     0    2000fc00    00000400     UNINITIALIZED
                  2000fc00    00000400     --HOLE--

.bootVecs 
*          0    00000000    00000008     DSECT
                  00000000    00000008     boot.aem4f : boot.oem4f (.bootVecs)

.resetVecs 
*          0    00000000    0000003c     
                  00000000    0000003c     release_pem4f.oem4f (.resetVecs)

.vecs      0    20000000    00000140     NOLOAD SECTION
                  20000000    00000140     release_pem4f.oem4f (.vecs)

xdc.meta   0    00000000    00000113     COPY SECTION
                  00000000    00000113     release_pem4f.oem4f (xdc.meta)

xdc.noload 
*          0    00000000    00000000     COPY SECTION

__llvm_prf_cnts 
*          0    20000000    00000000     UNINITIALIZED

.binit     0    00000000    00000000     

MODULE SUMMARY

       Module                       code    ro data   rw data
       ------                       ----    -------   -------
    .\
       led_thread.obj               1344    0         164    
       callbacks.obj                628     0         72     
       uart_thread.obj              632     16        52     
       main_tirtos.obj              228     0         0      
    +--+----------------------------+-------+---------+---------+
       Total:                       2832    16        288    
                                                             
    .\syscfg\
       ti_drivers_config.obj        14      372       856    
    +--+----------------------------+-------+---------+---------+
       Total:                       14      372       856    
                                                             
    C:\Users\JacobFaseler\Desktop\LiPoChar Source\CCS\tirtos_builds_MSP_EXP432P401R_release_ccs\Debug\configPkg\package\cfg\
       release_pem4f.oem4f          1650    1165      4380   
    +--+----------------------------+-------+---------+---------+
       Total:                       1650    1165      4380   
                                                             
    C:/ti/simplelink_msp432p4_sdk_3_40_01_02/kernel/tirtos/packages/ti/dpl/lib/dpl_msp432p401x.aem4f
       SemaphoreP_tirtos.oem4f      146     0         0      
       ClockP_tirtos.oem4f          114     0         8      
       PowerMSP432_tirtos.oem4f     122     0         0      
       HwiP_tirtos.oem4f            96      0         0      
    +--+----------------------------+-------+---------+---------+
       Total:                       478     0         8      
                                                             
    C:/ti/simplelink_msp432p4_sdk_3_40_01_02/source/ti/devices/msp432p4xx/driverlib/ccs/msp432p4xx_driverlib.lib
       pcm.o                        1770    0         0      
       cs.o                         704     0         16     
       uart.o                       284     0         0      
       sysctl_a.o                   64      0         0      
       rtc_c.o                      44      0         0      
       wdt_a.o                      36      0         0      
       cpu.o                        28      0         0      
       sysctl.o                     16      0         0      
    +--+----------------------------+-------+---------+---------+
       Total:                       2946    0         16     
                                                             
    C:/ti/simplelink_msp432p4_sdk_3_40_01_02/source/ti/drivers/lib/drivers_msp432p401x.aem4f
       UARTMSP432.oem4f             3406    81        0      
       PowerMSP432.oem4f            2196    0         728    
       PWMTimerMSP432.oem4f         1992    52        544    
       TimerMSP432.oem4f            1806    156       56     
       GPIOMSP432.oem4f             1016    12        108    
       UART.oem4f                   176     36        2      
       PWM.oem4f                    182     24        2      
       Timer.oem4f                  188     12        2      
       RingBuf.oem4f                184     0         0      
       List.oem4f                   76      0         0      
    +--+----------------------------+-------+---------+---------+
       Total:                       11222   373       1442   
                                                             
    C:\Users\JacobFaseler\Desktop\LiPoChar Source\CCS\tirtos_builds_MSP_EXP432P401R_release_ccs\src\sysbios\sysbios.aem4f
       BIOS.obj                     9584    0         272    
       m3_Hwi_asm.obj               318     0         0      
       m3_TaskSupport_asm.obj       180     0         0      
       m3_Hwi_asm_switch.obj        118     0         0      
    +--+----------------------------+-------+---------+---------+
       Total:                       10200   0         272    
                                                             
    C:\ti\ccs1110\ccs\tools\compiler\ti-cgt-arm_20.2.5.LTS\lib\rtsv7M4_T_le_v4SPD16_eabi.lib
       memcpy_t2.asm.obj            156     0         0      
       ull_div_t2.asm.obj           150     0         0      
       memset_t2.asm.obj            122     0         0      
       copy_decompress_lzss.c.obj   104     0         0      
       rand.c.obj                   88      0         8      
       cpy_tbl.c.obj                76      0         0      
       _lock.c.obj                  26      0         16     
       args_main.c.obj              24      0         0      
       strcmp.c.obj                 24      0         0      
       strcpy.c.obj                 20      0         0      
       strlen.c.obj                 20      0         0      
       copy_decompress_none.c.obj   14      0         0      
       copy_zero_init.c.obj         12      0         0      
       stkdepth_vars.c.obj          0       0         8      
       div0.asm.obj                 2       0         0      
    +--+----------------------------+-------+---------+---------+
       Total:                       838     0         32     
                                                             
[...]
00007641  ti_sysbios_family_arm_msp432_Timer_getMaxTicks__E               
00007651  ti_sysbios_gates_GateHwi_enter__E                               
0000765d  ti_sysbios_knl_Clock_Params__init__S                            
00007669  ti_sysbios_knl_Queue_Object__get__S                             
00007675  ti_sysbios_knl_Semaphore_Params__init__S                        
00007681  ti_sysbios_knl_Task_Params__init__S                             
00007691  ti_sysbios_knl_Task_self__E                                     
000076a1  ti_sysbios_rts_ti_ReentSupport_taskRegHook__I                   
000076b1  xdc_runtime_Gate_enterSystem__E                                 
000076c1  xdc_runtime_Startup_rtsDone__E                                  
000076cd  ClockP_Params_init                                              
000076d7  PWM_setDuty                                                     
000076e1  PWM_start                                                       
000076eb  PWM_stop                                                        
000076f5  Timer_close                                                     
000076ff  Timer_getCount                                                  
00007709  Timer_start                                                     
00007713  Timer_stop                                                      
0000771d  UART_read                                                       
00007727  UART_write                                                      
00007731  sem_post                                                        
0000773b  xdc_runtime_Memory_HeapProxy_alloc__E                           
00007745  xdc_runtime_Memory_HeapProxy_free__E                            
0000774f  SemaphoreP_Params_init                                          
00007759  pthread_attr_setstacksize                                       
00007769  ti_sysbios_family_arm_m3_Hwi_doSwiRestore__I                    
00007771  ti_sysbios_family_arm_m3_Hwi_startup__E                         
00007771  ti_sysbios_hal_Hwi_HwiProxy_startup__E                          
00007771  ti_sysbios_hal_Hwi_startup__E                                   
00007789  ti_sysbios_family_arm_m3_Hwi_doTaskRestore__I                   
00007791  HwiP_restore                                                    
00007791  ti_sysbios_family_arm_m3_Hwi_restoreFxn__E                      
00007791  ti_sysbios_hal_Hwi_HwiProxy_restore__E                          
00007799  ti_sysbios_gates_GateHwi_leave__E                               
000077a1  ti_sysbios_heaps_HeapMem_isBlocking__E                          
000077a9  ti_sysbios_knl_Clock_stop__E                                    
000077b1  ti_sysbios_knl_Queue_Instance_init__E                           
000077b9  ti_sysbios_knl_Swi_startup__E                                   
000077c1  xdc_runtime_System_Module_startup__E                            
000077c9  __aeabi_errno_addr                                              
000077d1  ti_sysbios_gates_GateHwi_query__E                               
000077d1  xdc_runtime_Main_Module_GateProxy_query__E                      
000077d1  xdc_runtime_System_Module_GateProxy_query__E                    
000077d9  ti_sysbios_BIOS_RtsGateProxy_query__E                           
000077d9  ti_sysbios_gates_GateMutex_query__E                             
000077d9  ti_sysbios_heaps_HeapMem_Module_GateProxy_query__E              
000077e1  ti_sysbios_knl_Clock_setTimeout__E                              
000077e9  ti_sysbios_knl_Task_startup__E                                  
000077f1  ti_sysbios_BIOS_linkedWithIncorrectBootLibrary__E               
000077f9  ti_sysbios_gates_GateHwi_Instance_init__E                       
00007801  ti_sysbios_knl_Clock_logTick__E                                 
00007809  xdc_runtime_SysCallback_defaultAbort                            
00007811  xdc_runtime_SysCallback_defaultExit                             
00007819  xdc_runtime_System_abortSpin__E                                 
00007821  xdc_runtime_System_exitSpin__E                                  
00007874  TimerMSP432HWAttrs                                              
000078f4  ti_sysbios_knl_Task_Object__PARAMS__C                           
00007930  PowerMSP432_config                                              
00007968  ti_sysbios_knl_Mailbox_Object__PARAMS__C                        
0000799c  Timer_config                                                    
000079cc  ti_sysbios_family_arm_m3_Hwi_Object__PARAMS__C                  
00007a28  UARTMSP432_fxnTable                                             
00007a50  ti_sysbios_heaps_HeapMem_Module__FXNS__C                        
00007a78  PWMTimerMSP432_fxnTable                                         
00007a9c  PWM_config                                                      
00007ac0  UART_defaultParams                                              
00007ae4  ti_sysbios_gates_GateHwi_Module__FXNS__C                        
00007b08  ti_sysbios_gates_GateMutex_Module__FXNS__C                      
00007b2c  ti_sysbios_heaps_HeapMem_Object__PARAMS__C                      
00007b50  ti_sysbios_knl_Clock_Object__PARAMS__C                          
00007b74  ti_sysbios_knl_Semaphore_Object__PARAMS__C                      
00007b98  xdc_runtime_Startup_sfxnTab__A                                  
00007bbc  TimerMSP432_Timer32_fxnTable                                    
00007bdc  TimerMSP432_Timer_A_fxnTable                                    
00007c1c  ti_sysbios_family_arm_m3_Hwi_Object__DESC__C                    
00007c3c  ti_sysbios_gates_GateHwi_Object__DESC__C                        
00007c5c  ti_sysbios_gates_GateMutex_Object__DESC__C                      
00007c7c  ti_sysbios_heaps_HeapMem_Object__DESC__C                        
00007c9c  ti_sysbios_knl_Clock_Object__DESC__C                            
00007cbc  ti_sysbios_knl_Mailbox_Object__DESC__C                          
00007cdc  ti_sysbios_knl_Queue_Object__DESC__C                            
00007cfc  ti_sysbios_knl_Semaphore_Object__DESC__C                        
00007d1c  ti_sysbios_knl_Task_Object__DESC__C                             
00007d3c  PWM_defaultParams                                               
00007d54  pwmTimerMSP432HWAttrs                                           
00007d6c  ti_sysbios_gates_GateHwi_Object__PARAMS__C                      
00007d84  ti_sysbios_gates_GateMutex_Object__PARAMS__C                    
00007d9c  ti_sysbios_knl_Queue_Object__PARAMS__C                          
00007db4  ti_sysbios_knl_Task_hooks__A                                    
00007dcc  GPIOMSP432_config                                               
00007de0  xdc_runtime_Startup_sfxnRts__A                                  
00007df2  ti_sysbios_family_arm_m3_Hwi_Module__id__C                      
00007e14  UART_config                                                     
00007e38  xdc_runtime_Startup_firstFxns__A                                
00007e44  heap0                                                           
00007e48  tiposix_mqGate                                                  
00007e4c  ti_sysbios_knl_Idle_funcList__A                                 
00007e54  ti_sysbios_knl_Idle_funcList__C                                 
00007e5c  ti_sysbios_knl_Task_hooks__C                                    
00007e64  xdc_runtime_Startup_firstFxns__C                                
00007e6c  xdc_runtime_Startup_lastFxns__C                                 
00007e85  xdc_runtime_Error_policy__C                                     
00007e8a  ADC_count                                                       
00007e8b  PWM_count                                                       
00007e8c  Timer_count                                                     
00007e8d  UART_count                                                      
00007e8e  ti_sysbios_family_arm_msp432_init_Boot_bypassHFXT__C            
00007e90  ti_sysbios_family_arm_m3_Hwi_E_alreadyDefined__C                
00007e94  ti_sysbios_family_arm_m3_Hwi_E_badIntNum__C                     
00007e98  ti_sysbios_family_arm_m3_Hwi_NUM_INTERRUPTS__C                  
00007e9c  ti_sysbios_family_arm_m3_Hwi_Object__count__C                   
00007ea0  ti_sysbios_family_arm_m3_Hwi_ccr__C                             
00007ea4  ti_sysbios_family_arm_m3_Hwi_excHandlerFunc__C                  
00007ea8  ti_sysbios_family_arm_m3_Hwi_nullIsrFunc__C                     
00007eac  ti_sysbios_family_arm_m3_Hwi_priGroup__C                        
00007eb0  ti_sysbios_family_arm_m3_Hwi_swiDisable__C                      
00007eb4  ti_sysbios_family_arm_m3_Hwi_swiRestore__C                      
00007eb8  ti_sysbios_family_arm_m3_TaskSupport_stackAlignment__C          
00007ebc  ti_sysbios_family_arm_msp432_Timer_numTimerDevices__C           
00007ec0  ti_sysbios_family_arm_msp432_Timer_startupNeeded__C             
00007ec4  ti_sysbios_gates_GateMutex_Instance_State_sem__O                
00007ec8  ti_sysbios_heaps_HeapMem_E_memory__C                            
00007ecc  ti_sysbios_heaps_HeapMem_Module__gateObj__C                     
00007ed0  ti_sysbios_heaps_HeapMem_Object__count__C                       
00007ed4  ti_sysbios_heaps_HeapMem_primaryHeapBaseAddr__C                 
00007ed8  ti_sysbios_heaps_HeapMem_primaryHeapEndAddr__C                  
00007edc  ti_sysbios_heaps_HeapMem_reqAlign__C                            
00007ee0  ti_sysbios_knl_Clock_Module_State_clockQ__O                     
00007ee4  ti_sysbios_knl_Clock_tickPeriod__C                              
00007ee8  ti_sysbios_knl_Mailbox_Instance_State_dataQue__O                
00007eec  ti_sysbios_knl_Mailbox_Instance_State_dataSem__O                
00007ef0  ti_sysbios_knl_Mailbox_Instance_State_freeQue__O                
00007ef4  ti_sysbios_knl_Mailbox_Instance_State_freeSem__O                
00007ef8  ti_sysbios_knl_Mailbox_Object__count__C                         
00007efc  ti_sysbios_knl_Mailbox_maxTypeAlign__C                          
00007f00  ti_sysbios_knl_Semaphore_Instance_State_pendQ__O                
00007f04  ti_sysbios_knl_Swi_Object__count__C                             
00007f08  ti_sysbios_knl_Task_Module_State_inactiveQ__O                   
00007f0c  ti_sysbios_knl_Task_Object__count__C                            
00007f10  ti_sysbios_knl_Task_Object__heap__C                             
00007f14  ti_sysbios_knl_Task_allBlockedFunc__C                           
00007f18  ti_sysbios_knl_Task_defaultStackHeap__C                         
00007f1c  ti_sysbios_knl_Task_defaultStackSize__C                         
00007f20  ti_sysbios_knl_Task_numConstructedTasks__C                      
00007f24  xdc_runtime_Error_E_memory__C                                   
00007f28  xdc_runtime_Error_policyFxn__C                                  
00007f2c  xdc_runtime_IGateProvider_Interface__BASE__C                    
00007f30  xdc_runtime_IHeap_Interface__BASE__C                            
00007f34  xdc_runtime_IModule_Interface__BASE__C                          
00007f38  xdc_runtime_Memory_defaultHeapInstance__C                       
00007f3c  xdc_runtime_Startup_execImpl__C                                 
00007f40  xdc_runtime_Startup_maxPasses__C                                
00007f44  xdc_runtime_Startup_sfxnRts__C                                  
00007f48  xdc_runtime_Startup_sfxnTab__C                                  
00007f4c  xdc_runtime_SysCallback_abortFxn__C                             
00007f50  xdc_runtime_SysCallback_exitFxn__C                              
00007f54  xdc_runtime_System_Module__gateObj__C                           
00007f58  xdc_runtime_System_abortFxn__C                                  
00007f5c  xdc_runtime_System_exitFxn__C                                   
00007f60  xdc_runtime_System_maxAtexitHandlers__C                         
00007f64  ti_sysbios_family_arm_msp432_init_Boot_bypassLFXT__C            
00007f66  ti_sysbios_family_arm_msp432_init_Boot_enableHFXT__C            
00007f68  ti_sysbios_family_arm_msp432_init_Boot_enableLFXT__C            
00007f6a  ti_sysbios_heaps_HeapMem_Module__id__C                          
00007f6c  xdc_runtime_Memory_Module__id__C                                
00007f70  __TI_static_base__                                              
00008000  HEAPSIZE                                                        
000081b0  __TI_Handler_Table_Base                                         
000081bc  __TI_Handler_Table_Limit                                        
000081c8  __TI_CINIT_Base                                                 
000081d8  __TI_CINIT_Limit                                                
20000000  __start___llvm_prf_cnts                                         
20000000  __stop___llvm_prf_cnts                                          
20000000  ti_sysbios_family_arm_m3_Hwi_ramVectors                         
20000140  __primary_heap_start__                                          
20008140  PowerMSP432_perfLevels                                          
20008140  __primary_heap_end__                                            
20008418  ti_sysbios_knl_Swi_Module_State_0_readyQ__A                     
20008498  ti_sysbios_knl_Task_Module_State_0_readyQ__A                    
20008518  ti_sysbios_gates_GateMutex_Object__table__V                     
2000856c  ti_sysbios_knl_Task_Object__table__V                            
200085b8  ti_sysbios_family_arm_msp432_Timer_Object__table__V             
200085fc  ti_sysbios_knl_Task_Module__state__V                            
20008640  ti_sysbios_family_arm_m3_Hwi_Module__state__V                   
20008674  ti_sysbios_knl_Swi_Object__table__V                             
200086a4  PowerMSP432_module                                              
200086d0  ti_sysbios_knl_Clock_Module__state__V                           
200086fc  ti_sysbios_BIOS_Module__state__V                                
20008720  ti_sysbios_family_arm_msp432_Timer_Module_State_0_device__A     
20008740  xdc_runtime_Error_IgnoreBlock                                   
20008760  ti_sysbios_knl_Swi_Module__state__V                             
2000877c  ti_sysbios_family_arm_m3_Hwi_Object__table__V                   
20008794  ti_sysbios_heaps_HeapMem_Object__table__V                       
200087c4  ledTogglePeriods                                                
200087d8  ti_sysbios_family_arm_msp432_Timer_Module_State_0_handles__A    
200087e8  bytesReceived                                                   
200087ec  ack                                                             
200087f0  receiveFreq                                                     
200087f4  ackByte                                                         
200087f8  gpioCallbackFunctions                                           
20008804  gpioPinConfigs                                                  
20008810  ti_sysbios_family_arm_msp432_ClockFreqs_Module__state__V        
2000881c  ti_sysbios_family_arm_msp432_Timer_Module__state__V             
20008828  _lock                                                           
2000882c  _unlock                                                         
20008830  counting                                                        
20008832  numIntervals                                                    
20008834  S1buttonDebounce                                                
20008836  S2buttonDebounce                                                
20008838  ti_sysbios_family_arm_m3_Hwi_Module__root__V                    
20008840  ti_sysbios_gates_GateHwi_Module__root__V                        
20008848  ti_sysbios_gates_GateMutex_Module__root__V                      
20008850  ti_sysbios_heaps_HeapMem_Module__root__V                        
20008858  ti_sysbios_knl_Clock_Module__root__V                            
20008860  ti_sysbios_knl_Mailbox_Module__root__V                          
20008868  ti_sysbios_knl_Queue_Module__root__V                            
20008870  ti_sysbios_knl_Semaphore_Module__root__V                        
20008878  ti_sysbios_knl_Task_Module__root__V                             
20008880  xdc_runtime_Startup_Module__state__V                            
20008888  xdc_runtime_System_Module_State_0_atexitHandlers__A             
20008890  xdc_runtime_System_Module__state__V                             
2000889c  main_func_sp                                                    
200088a0  ti_sysbios_family_arm_m3_Hwi_Module_State_0_excContext__A       
200088a4  ti_sysbios_family_arm_m3_Hwi_Module_State_0_excStack__A         
200088a8  ti_sysbios_gates_GateHwi_Object__table__V                       
200088ac  ti_sysbios_knl_Task_Module_State_0_idleTask__A                  
200088b0  ti_sysbios_rts_ti_ReentSupport_Module__state__V                 
200088b4  xdc_runtime_Memory_Module__state__V                             
200088b8  pwmPeriod                                                       
200088ba  ti_sysbios_family_arm_m3_Hwi_Module_State_0_excActive__A        
200088c0  ti_sysbios_knl_Task_Instance_State_0_stack__A                   
20008ac0  ti_sysbios_family_arm_m3_Hwi_dispatchTable                      
20008c00  timerMSP432Objects                                              
20008cd0  uartMSP432Objects                                               
20008d80  pwmTimerMSP432Objects                                           
20008dc4  semLED                                                          
20008de0  pwms                                                            
20008dec  timer_params                                                    
20008e00  dutys                                                           
20008e08  start                                                           
20008e1c  ClockP_tickPeriod                                               
20008e20  blinkTimer                                                      
20008e24  debounceTimer                                                   
20008e28  intervalTimer                                                   
20008e2c  ledthread_handler                                               
20008e30  mqLED                                                           
20008e34  ti_sysbios_knl_Task_Instance_State_0_hookEnv__A                 
20008e38  timerValueOnTap                                                 
20008e3c  uartthread_handler                                              
20008e40  receiveByte                                                     
2000fc00  __stack                                                         
20010000  __STACK_END                                                     
4000480c  WDTCTL_SYM                                                      
e000e000  ti_sysbios_family_arm_m3_Hwi_nvic                               
ffffffff  __TI_pprof_out_hndl                                             
ffffffff  __TI_prof_data_size                                             
ffffffff  __TI_prof_data_start                                            
ffffffff  __binit__                                                       
ffffffff  __c_args__                                                      
ffffffff  binit                                                           
UNDEFED   SHT$$INIT_ARRAY$$Base                                           
UNDEFED   SHT$$INIT_ARRAY$$Limit                                          

[629 symbols]
